Component: ARM Compiler 5.06 update 7 (build 960) Tool: armlink [4d3601]

==============================================================================

Section Cross References

    delay.o(.text) refers to delay.o(.data) for _init
    lcd.o(.text) refers to delay.o(.text) for delay_ms
    bsp.o(.text) refers to stm32f4xx_rcc.o(.text) for RCC_APB1PeriphClockCmd
    bsp.o(.text) refers to stm32f4xx_tim.o(.text) for TIM_TimeBaseInit
    bsp.o(.text) refers to misc.o(.text) for NVIC_Init
    bsp.o(.text) refers to stm32f4xx_gpio.o(.text) for GPIO_Init
    bsp.o(.text) refers to lcd.o(.text) for lcd_init
    bsp.o(.text) refers to queue.o(.text) for xQueueGenericSendFromISR
    bsp.o(.text) refers to memcpya.o(.text) for __aeabi_memcpy4
    bsp.o(.text) refers to printf1.o(i.__0snprintf$1) for __2snprintf
    bsp.o(.text) refers to intercom.o(.data) for xHigherPriorityTaskWoken
    functions.o(.text) refers to bsp.o(.text) for BSP_Timer5_cmd
    intercom.o(.text) refers to queue.o(.text) for xQueueGenericCreate
    intercom.o(.text) refers to intercom.o(.data) for timeQueue
    main.o(.text) refers to queue.o(.text) for xQueueGenericReceive
    main.o(.text) refers to stm32f4xx_gpio.o(.text) for GPIO_ReadInputData
    main.o(.text) refers to bsp.o(.text) for BSP_screen_off
    main.o(.text) refers to functions.o(.text) for check_hour_mode
    main.o(.text) refers to intercom.o(.text) for INTERCOM_init
    main.o(.text) refers to tasks.o(.text) for xTaskCreate
    main.o(.text) refers to intercom.o(.data) for xSemaphoreReadButton
    main.o(.text) refers to main.o(.data) for previous
    queue.o(.text) refers to port.o(.text) for vPortEnterCritical
    queue.o(.text) refers to tasks.o(.text) for xTaskRemoveFromEventList
    queue.o(.text) refers to list.o(.text) for vListInitialise
    queue.o(.text) refers to heap_2.o(.text) for pvPortMalloc
    queue.o(.text) refers to memcpya.o(.text) for __aeabi_memcpy
    queue.o(.text) refers to queue.o(.bss) for xQueueRegistry
    tasks.o(.text) refers to list.o(.text) for vListInitialise
    tasks.o(.text) refers to port.o(.text) for vPortEnterCritical
    tasks.o(.text) refers to memseta.o(.text) for __aeabi_memset
    tasks.o(.text) refers to heap_2.o(.text) for pvPortMalloc
    tasks.o(.text) refers to tasks.o(.bss) for pxReadyTasksLists
    tasks.o(.text) refers to tasks.o(.data) for pxDelayedTaskList
    tasks.o(.text) refers to timers.o(.text) for xTimerCreateTimerTask
    timers.o(.text) refers to list.o(.text) for vListInsert
    timers.o(.text) refers to tasks.o(.text) for xTaskGetSchedulerState
    timers.o(.text) refers to queue.o(.text) for xQueueGenericSend
    timers.o(.text) refers to heap_2.o(.text) for vPortFree
    timers.o(.text) refers to port.o(.text) for vPortEnterCritical
    timers.o(.text) refers to timers.o(.data) for pxOverflowTimerList
    timers.o(.text) refers to timers.o(.bss) for xActiveTimerList1
    port.o(.emb_text) refers to tasks.o(.text) for vTaskSwitchContext
    port.o(.emb_text) refers to tasks.o(.data) for pxCurrentTCB
    port.o(.text) refers to port.o(.emb_text) for __asm___6_port_c_39a90d8d__prvEnableVFP
    port.o(.text) refers to tasks.o(.text) for xTaskIncrementTick
    port.o(.text) refers to port.o(.data) for uxCriticalNesting
    port.o(.text) refers to system_stm32f4xx.o(.data) for SystemCoreClock
    heap_2.o(.text) refers to tasks.o(.text) for vTaskSuspendAll
    heap_2.o(.text) refers to heap_2.o(.bss) for ucHeap
    heap_2.o(.text) refers to heap_2.o(.data) for xStart
    stm32f4xx_adc.o(.text) refers to stm32f4xx_rcc.o(.text) for RCC_APB2PeriphResetCmd
    stm32f4xx_dac.o(.text) refers to stm32f4xx_rcc.o(.text) for RCC_APB1PeriphResetCmd
    stm32f4xx_gpio.o(.text) refers to stm32f4xx_rcc.o(.text) for RCC_AHB1PeriphResetCmd
    stm32f4xx_i2c.o(.text) refers to stm32f4xx_rcc.o(.text) for RCC_APB1PeriphResetCmd
    stm32f4xx_pwr.o(.text) refers to stm32f4xx_rcc.o(.text) for RCC_APB1PeriphResetCmd
    stm32f4xx_rcc.o(.text) refers to stm32f4xx_rcc.o(.data) for APBAHBPrescTable
    stm32f4xx_spi.o(.text) refers to stm32f4xx_rcc.o(.text) for RCC_APB2PeriphResetCmd
    stm32f4xx_syscfg.o(.text) refers to stm32f4xx_rcc.o(.text) for RCC_APB2PeriphResetCmd
    stm32f4xx_tim.o(.text) refers to stm32f4xx_rcc.o(.text) for RCC_APB2PeriphResetCmd
    stm32f4xx_usart.o(.text) refers to stm32f4xx_rcc.o(.text) for RCC_APB2PeriphResetCmd
    stm32f4xx_wwdg.o(.text) refers to stm32f4xx_rcc.o(.text) for RCC_APB1PeriphResetCmd
    stm32f4_discovery_lis302dl.o(.text) refers to stm32f4xx_spi.o(.text) for SPI_I2S_GetFlagStatus
    stm32f4_discovery_lis302dl.o(.text) refers to stm32f4xx_gpio.o(.text) for GPIO_ResetBits
    stm32f4_discovery_lis302dl.o(.text) refers to stm32f4xx_rcc.o(.text) for RCC_APB2PeriphClockCmd
    stm32f4_discovery_lis302dl.o(.text) refers to stm32f4_discovery_lis302dl.o(.data) for LIS302DLTimeout
    utils.o(.text) refers to stm32f4xx_rcc.o(.text) for RCC_APB1PeriphClockCmd
[...]
    printf6.o(i._printf_core) refers to uidiv.o(.text) for __aeabi_uidivmod
    printf6.o(i._printf_core) refers to printf6.o(i._printf_post_padding) for _printf_post_padding
    printf7.o(i.__0fprintf$7) refers to printf7.o(i._printf_core) for _printf_core
    printf7.o(i.__0fprintf$7) refers to retarget.o(.text) for fputc
    printf7.o(i.__0printf$7) refers to printf7.o(i._printf_core) for _printf_core
    printf7.o(i.__0printf$7) refers to retarget.o(.text) for fputc
    printf7.o(i.__0printf$7) refers to retarget.o(.data) for __stdout
    printf7.o(i.__0snprintf$7) refers to printf7.o(i._printf_core) for _printf_core
    printf7.o(i.__0snprintf$7) refers to printf7.o(i._snputc) for _snputc
    printf7.o(i.__0sprintf$7) refers to printf7.o(i._printf_core) for _printf_core
    printf7.o(i.__0sprintf$7) refers to printf7.o(i._sputc) for _sputc
    printf7.o(i.__0vfprintf$7) refers to printf7.o(i._printf_core) for _printf_core
    printf7.o(i.__0vfprintf$7) refers to retarget.o(.text) for fputc
    printf7.o(i.__0vprintf$7) refers to printf7.o(i._printf_core) for _printf_core
    printf7.o(i.__0vprintf$7) refers to retarget.o(.text) for fputc
    printf7.o(i.__0vprintf$7) refers to retarget.o(.data) for __stdout
    printf7.o(i.__0vsnprintf$7) refers to printf7.o(i._printf_core) for _printf_core
    printf7.o(i.__0vsnprintf$7) refers to printf7.o(i._snputc) for _snputc
    printf7.o(i.__0vsprintf$7) refers to printf7.o(i._printf_core) for _printf_core
    printf7.o(i.__0vsprintf$7) refers to printf7.o(i._sputc) for _sputc
    printf7.o(i._printf_core) refers to printf7.o(i._printf_pre_padding) for _printf_pre_padding
    printf7.o(i._printf_core) refers to uldiv.o(.text) for __aeabi_uldivmod
    printf7.o(i._printf_core) refers to printf7.o(i._printf_post_padding) for _printf_post_padding
    printf8.o(i.__0fprintf$8) refers to printf8.o(i._printf_core) for _printf_core
    printf8.o(i.__0fprintf$8) refers to retarget.o(.text) for fputc
    printf8.o(i.__0printf$8) refers to printf8.o(i._printf_core) for _printf_core
    printf8.o(i.__0printf$8) refers to retarget.o(.text) for fputc
    printf8.o(i.__0printf$8) refers to retarget.o(.data) for __stdout
    printf8.o(i.__0snprintf$8) refers to printf8.o(i._printf_core) for _printf_core
    printf8.o(i.__0snprintf$8) refers to printf8.o(i._snputc) for _snputc
    printf8.o(i.__0sprintf$8) refers to printf8.o(i._printf_core) for _printf_core
    printf8.o(i.__0sprintf$8) refers to printf8.o(i._sputc) for _sputc
    printf8.o(i.__0vfprintf$8) refers to printf8.o(i._printf_core) for _printf_core
    printf8.o(i.__0vfprintf$8) refers to retarget.o(.text) for fputc
    printf8.o(i.__0vprintf$8) refers to printf8.o(i._printf_core) for _printf_core
    printf8.o(i.__0vprintf$8) refers to retarget.o(.text) for fputc
    printf8.o(i.__0vprintf$8) refers to retarget.o(.data) for __stdout
    printf8.o(i.__0vsnprintf$8) refers to printf8.o(i._printf_core) for _printf_core
    printf8.o(i.__0vsnprintf$8) refers to printf8.o(i._snputc) for _snputc
    printf8.o(i.__0vsprintf$8) refers to printf8.o(i._printf_core) for _printf_core
    printf8.o(i.__0vsprintf$8) refers to printf8.o(i._sputc) for _sputc
    printf8.o(i._printf_core) refers to printf8.o(i._printf_pre_padding) for _printf_pre_padding
    printf8.o(i._printf_core) refers to uldiv.o(.text) for __aeabi_uldivmod
    printf8.o(i._printf_core) refers to printf8.o(i._printf_post_padding) for _printf_post_padding
    printfa.o(i.__0fprintf) refers (Special) to iusefp.o(.text) for __I$use$fp
    printfa.o(i.__0fprintf) refers to printfa.o(i._printf_core) for _printf_core
    printfa.o(i.__0fprintf) refers to retarget.o(.text) for fputc
    printfa.o(i.__0printf) refers (Special) to iusefp.o(.text) for __I$use$fp
    printfa.o(i.__0printf) refers to printfa.o(i._printf_core) for _printf_core
    printfa.o(i.__0printf) refers to retarget.o(.text) for fputc
    printfa.o(i.__0printf) refers to retarget.o(.data) for __stdout
    printfa.o(i.__0snprintf) refers (Special) to iusefp.o(.text) for __I$use$fp
    printfa.o(i.__0snprintf) refers to printfa.o(i._printf_core) for _printf_core
    printfa.o(i.__0snprintf) refers to printfa.o(i._snputc) for _snputc
    printfa.o(i.__0sprintf) refers (Special) to iusefp.o(.text) for __I$use$fp
    printfa.o(i.__0sprintf) refers to printfa.o(i._printf_core) for _printf_core
    printfa.o(i.__0sprintf) refers to printfa.o(i._sputc) for _sputc
    printfa.o(i.__0vfprintf) refers (Special) to iusefp.o(.text) for __I$use$fp
    printfa.o(i.__0vfprintf) refers to printfa.o(i._printf_core) for _printf_core
    printfa.o(i.__0vfprintf) refers to retarget.o(.text) for fputc
    printfa.o(i.__0vprintf) refers (Special) to iusefp.o(.text) for __I$use$fp
    printfa.o(i.__0vprintf) refers to printfa.o(i._printf_core) for _printf_core
    printfa.o(i.__0vprintf) refers to retarget.o(.text) for fputc
    printfa.o(i.__0vprintf) refers to retarget.o(.data) for __stdout
    printfa.o(i.__0vsnprintf) refers (Special) to iusefp.o(.text) for __I$use$fp
    printfa.o(i.__0vsnprintf) refers to printfa.o(i._printf_core) for _printf_core
    printfa.o(i.__0vsnprintf) refers to printfa.o(i._snputc) for _snputc
    printfa.o(i.__0vsprintf) refers (Special) to iusefp.o(.text) for __I$use$fp
    printfa.o(i.__0vsprintf) refers to printfa.o(i._printf_core) for _printf_core
    printfa.o(i.__0vsprintf) refers to printfa.o(i._sputc) for _sputc
    printfa.o(i._fp_digits) refers (Special) to iusefp.o(.text) for __I$use$fp
    printfa.o(i._fp_digits) refers to dmul.o(.text) for __aeabi_dmul
    printfa.o(i._fp_digits) refers to ddiv.o(.text) for __aeabi_ddiv
    printfa.o(i._fp_digits) refers to cdrcmple.o(.text) for __aeabi_cdrcmple
    printfa.o(i._fp_digits) refers to dadd.o(.text) for __aeabi_dadd
    printfa.o(i._fp_digits) refers to dfixul.o(.text) for __aeabi_d2ulz
    printfa.o(i._fp_digits) refers to uldiv.o(.text) for __aeabi_uldivmod
    printfa.o(i._printf_core) refers (Special) to iusefp.o(.text) for __I$use$fp
    printfa.o(i._printf_core) refers to printfa.o(i._printf_pre_padding) for _printf_pre_padding
    printfa.o(i._printf_core) refers to uldiv.o(.text) for __aeabi_uldivmod
    printfa.o(i._printf_core) refers to printfa.o(i._printf_post_padding) for _printf_post_padding
    printfa.o(i._printf_core) refers to printfa.o(i._fp_digits) for _fp_digits
    printfa.o(i._printf_core) refers to uidiv.o(.text) for __aeabi_uidivmod
    printfa.o(i._printf_post_padding) refers (Special) to iusefp.o(.text) for __I$use$fp
    printfa.o(i._printf_pre_padding) refers (Special) to iusefp.o(.text) for __I$use$fp
    printfa.o(i._snputc) refers (Special) to iusefp.o(.text) for __I$use$fp
    printfa.o(i._sputc) refers (Special) to iusefp.o(.text) for __I$use$fp
    entry2.o(.ARM.Collect$$$$00000001) refers to entry2.o(.ARM.Collect$$$$00002712) for __lit__00000000
    entry2.o(.ARM.Collect$$$$00002712) refers to startup_stm32f407xx.o(STACK) for __initial_sp
    entry2.o(__vectab_stack_and_reset_area) refers to startup_stm32f407xx.o(STACK) for __initial_sp
    entry2.o(__vectab_stack_and_reset_area) refers to entry.o(.ARM.Collect$$$$00000000) for __main
    entry5.o(.ARM.Collect$$$$00000004) refers to init.o(.text) for __scatterload
    entry9a.o(.ARM.Collect$$$$0000000B) refers to main.o(.text) for main
    entry9b.o(.ARM.Collect$$$$0000000C) refers to main.o(.text) for main
    uldiv.o(.text) refers to llushr.o(.text) for __aeabi_llsr
    uldiv.o(.text) refers to llshl.o(.text) for __aeabi_llsl
    dadd.o(.text) refers to llshl.o(.text) for __aeabi_llsl
    dadd.o(.text) refers to llsshr.o(.text) for __aeabi_lasr
    dadd.o(.text) refers to depilogue.o(.text) for _double_epilogue
    dmul.o(.text) refers to depilogue.o(.text) for _double_epilogue
    ddiv.o(.text) refers to depilogue.o(.text) for _double_round
    dfixul.o(.text) refers to llushr.o(.text) for __aeabi_llsr
    dfixul.o(.text) refers to llshl.o(.text) for __aeabi_llsl
    init.o(.text) refers to entry5.o(.ARM.Collect$$$$00000004) for __main_after_scatterload
    depilogue.o(.text) refers to llshl.o(.text) for __aeabi_llsl
    depilogue.o(.text) refers to llushr.o(.text) for __aeabi_llsr


==============================================================================

Removing Unused input sections from the image.

    Removing delay.o(.emb_text), (8 bytes).
    Removing bsp.o(.emb_text), (8 bytes).
    Removing functions.o(.emb_text), (8 bytes).
    Removing intercom.o(.emb_text), (8 bytes).
    Removing main.o(.emb_text), (8 bytes).
    Removing croutine.o(.emb_text), (8 bytes).
    Removing list.o(.emb_text), (8 bytes).
    Removing queue.o(.emb_text), (8 bytes).
    Removing tasks.o(.emb_text), (8 bytes).
    Removing timers.o(.emb_text), (8 bytes).
    Removing heap_2.o(.emb_text), (8 bytes).
    Removing misc.o(.emb_text), (8 bytes).
    Removing stm32f4xx_adc.o(.emb_text), (8 bytes).
    Removing stm32f4xx_adc.o(.text), (1124 bytes).
    Removing stm32f4xx_dac.o(.emb_text), (8 bytes).
    Removing stm32f4xx_dac.o(.text), (528 bytes).
    Removing stm32f4xx_dbgmcu.o(.emb_text), (8 bytes).
    Removing stm32f4xx_dbgmcu.o(.text), (100 bytes).
    Removing stm32f4xx_gpio.o(.emb_text), (8 bytes).
    Removing stm32f4xx_i2c.o(.emb_text), (8 bytes).
    Removing stm32f4xx_i2c.o(.text), (1082 bytes).
    Removing stm32f4xx_pwr.o(.emb_text), (8 bytes).
    Removing stm32f4xx_pwr.o(.text), (224 bytes).
    Removing stm32f4xx_rcc.o(.emb_text), (8 bytes).
    Removing stm32f4xx_rtc.o(.emb_text), (8 bytes).
    Removing stm32f4xx_rtc.o(.text), (3380 bytes).
    Removing stm32f4xx_spi.o(.emb_text), (8 bytes).
    Removing stm32f4xx_spi.o(.text), (1046 bytes).
    Removing stm32f4xx_syscfg.o(.emb_text), (8 bytes).
    Removing stm32f4xx_syscfg.o(.text), (140 bytes).
    Removing stm32f4xx_tim.o(.emb_text), (8 bytes).
    Removing stm32f4xx_usart.o(.emb_text), (8 bytes).
    Removing stm32f4xx_usart.o(.text), (1068 bytes).
    Removing stm32f4xx_wwdg.o(.emb_text), (8 bytes).
    Removing stm32f4xx_wwdg.o(.text), (144 bytes).
    Removing stm32f4xx_iwdg.o(.emb_text), (8 bytes).
    Removing stm32f4xx_iwdg.o(.text), (64 bytes).
    Removing stm32f4xx_exti.o(.emb_text), (8 bytes).
    Removing stm32f4xx_exti.o(.text), (284 bytes).
    Removing stm32f4_discovery_lis302dl.o(.emb_text), (8 bytes).
    Removing stm32f4_discovery_lis302dl.o(.text), (960 bytes).
    Removing stm32f4_discovery_lis302dl.o(.data), (4 bytes).
    Removing utils.o(.emb_text), (8 bytes).
    Removing utils.o(.text), (228 bytes).
    Removing stm32f4_discovery.o(.emb_text), (8 bytes).
    Removing stm32f4_discovery.o(.text), (324 bytes).
    Removing stm32f4_discovery.o(.constdata), (37 bytes).
    Removing stm32f4_discovery.o(.data), (24 bytes).
    Removing retarget.o(.emb_text), (8 bytes).
    Removing retarget.o(.text), (64 bytes).
    Removing retarget.o(.data), (4 bytes).
    Removing startup_stm32f407xx.o(HEAP), (512 bytes).
    Removing system_stm32f4xx.o(.emb_text), (8 bytes).
    Removing dadd.o(.text), (334 bytes).
    Removing dmul.o(.text), (228 bytes).
    Removing ddiv.o(.text), (222 bytes).
    Removing dfixul.o(.text), (48 bytes).
    Removing cdrcmple.o(.text), (48 bytes).
    Removing depilogue.o(.text), (186 bytes).

59 unused section(s) (total 12663 bytes) removed from the image.

==============================================================================

Image Symbol Table

    Local Symbols

    Symbol Name                              Value     Ov Type        Size  Object(Section)

    ../clib/microlib/division.c              0x00000000   Number         0  uldiv.o ABSOLUTE
    ../clib/microlib/division.c              0x00000000   Number         0  uidiv.o ABSOLUTE
    ../clib/microlib/init/entry.s            0x00000000   Number         0  entry10b.o ABSOLUTE
    ../clib/microlib/init/entry.s            0x00000000   Number         0  entry12b.o ABSOLUTE
    ../clib/microlib/init/entry.s            0x00000000   Number         0  entry10a.o ABSOLUTE
    ../clib/microlib/init/entry.s            0x00000000   Number         0  entry9b.o ABSOLUTE
    ../clib/microlib/init/entry.s            0x00000000   Number         0  entry2.o ABSOLUTE
    ../clib/microlib/init/entry.s            0x00000000   Number         0  entry.o ABSOLUTE
    ../clib/microlib/init/entry.s            0x00000000   Number         0  entry5.o ABSOLUTE
    ../clib/microlib/init/entry.s            0x00000000   Number         0  entry7a.o ABSOLUTE
    ../clib/microlib/init/entry.s            0x00000000   Number         0  entry8a.o ABSOLUTE
    ../clib/microlib/init/entry.s            0x00000000   Number         0  entry8b.o ABSOLUTE
    ../clib/microlib/init/entry.s            0x00000000   Number         0  entry9a.o ABSOLUTE
    ../clib/microlib/init/entry.s            0x00000000   Number         0  entry7b.o ABSOLUTE
    ../clib/microlib/init/entry.s            0x00000000   Number         0  entry11b.o ABSOLUTE
    ../clib/microlib/init/entry.s            0x00000000   Number         0  entry11a.o ABSOLUTE
    ../clib/microlib/init/entry.s            0x00000000   Number         0  entry12a.o ABSOLUTE
    ../clib/microlib/longlong.c              0x00000000   Number         0  llshl.o ABSOLUTE
    ../clib/microlib/longlong.c              0x00000000   Number         0  llushr.o ABSOLUTE
    ../clib/microlib/longlong.c              0x00000000   Number         0  llsshr.o ABSOLUTE
    ../clib/microlib/printf/printf.c         0x00000000   Number         0  printf0.o ABSOLUTE
    ../clib/microlib/printf/printf.c         0x00000000   Number         0  printf1.o ABSOLUTE
    ../clib/microlib/printf/printf.c         0x00000000   Number         0  printf3.o ABSOLUTE
    ../clib/microlib/printf/printf.c         0x00000000   Number         0  printf4.o ABSOLUTE
    ../clib/microlib/printf/printf.c         0x00000000   Number         0  printf5.o ABSOLUTE
    ../clib/microlib/printf/printf.c         0x00000000   Number         0  printf2.o ABSOLUTE
    ../clib/microlib/printf/printf.c         0x00000000   Number         0  printf6.o ABSOLUTE
    ../clib/microlib/printf/printf.c         0x00000000   Number         0  printf7.o ABSOLUTE
    ../clib/microlib/printf/printf.c         0x00000000   Number         0  printfa.o ABSOLUTE
    ../clib/microlib/printf/printf.c         0x00000000   Number         0  printf8.o ABSOLUTE
    ../clib/microlib/printf/printf.c         0x00000000   Number         0  printfb.o ABSOLUTE
    ../clib/microlib/printf/stubs.s          0x00000000   Number         0  stubs.o ABSOLUTE
    ../clib/microlib/string/memcpy.c         0x00000000   Number         0  memcpyb.o ABSOLUTE
    ../clib/microlib/string/memcpy.c         0x00000000   Number         0  memcpya.o ABSOLUTE
    ../clib/microlib/string/memset.c         0x00000000   Number         0  memseta.o ABSOLUTE
    ../clib/microlib/stubs.s                 0x00000000   Number         0  useno.o ABSOLUTE
    ../clib/microlib/stubs.s                 0x00000000   Number         0  iusefp.o ABSOLUTE
    ../fplib/microlib/fpadd.c                0x00000000   Number         0  dadd.o ABSOLUTE
    ../fplib/microlib/fpdiv.c                0x00000000   Number         0  ddiv.o ABSOLUTE
    ../fplib/microlib/fpepilogue.c           0x00000000   Number         0  depilogue.o ABSOLUTE
    ../fplib/microlib/fpfix.c                0x00000000   Number         0  dfixul.o ABSOLUTE
    ../fplib/microlib/fpmul.c                0x00000000   Number         0  dmul.o ABSOLUTE
    Libraries\STM32F4xx_StdPeriph_Driver\src\misc.c 0x00000000   Number         0  misc.o ABSOLUTE
    Libraries\STM32F4xx_StdPeriph_Driver\src\stm32f4_discovery.c 0x00000000   Number         0  stm32f4_discovery.o ABSOLUTE
    Libraries\STM32F4xx_StdPeriph_Driver\src\stm32f4xx_adc.c 0x00000000   Number         0  stm32f4xx_adc.o ABSOLUTE
    Libraries\STM32F4xx_StdPeriph_Driver\src\stm32f4xx_dac.c 0x00000000   Number         0  stm32f4xx_dac.o ABSOLUTE
    Libraries\STM32F4xx_StdPeriph_Driver\src\stm32f4xx_dbgmcu.c 0x00000000   Number         0  stm32f4xx_dbgmcu.o ABSOLUTE
    Libraries\STM32F4xx_StdPeriph_Driver\src\stm32f4xx_exti.c 0x00000000   Number         0  stm32f4xx_exti.o ABSOLUTE
    Libraries\STM32F4xx_StdPeriph_Driver\src\stm32f4xx_gpio.c 0x00000000   Number         0  stm32f4xx_gpio.o ABSOLUTE
    Libraries\STM32F4xx_StdPeriph_Driver\src\stm32f4xx_i2c.c 0x00000000   Number         0  stm32f4xx_i2c.o ABSOLUTE
    Libraries\STM32F4xx_StdPeriph_Driver\src\stm32f4xx_iwdg.c 0x00000000   Number         0  stm32f4xx_iwdg.o ABSOLUTE
    Libraries\STM32F4xx_StdPeriph_Driver\src\stm32f4xx_pwr.c 0x00000000   Number         0  stm32f4xx_pwr.o ABSOLUTE
    Libraries\STM32F4xx_StdPeriph_Driver\src\stm32f4xx_rcc.c 0x00000000   Number         0  stm32f4xx_rcc.o ABSOLUTE
    Libraries\STM32F4xx_StdPeriph_Driver\src\stm32f4xx_rtc.c 0x00000000   Number         0  stm32f4xx_rtc.o ABSOLUTE
    Libraries\STM32F4xx_StdPeriph_Driver\src\stm32f4xx_spi.c 0x00000000   Number         0  stm32f4xx_spi.o ABSOLUTE
    Libraries\STM32F4xx_StdPeriph_Driver\src\stm32f4xx_syscfg.c 0x00000000   Number         0  stm32f4xx_syscfg.o ABSOLUTE
    Libraries\STM32F4xx_StdPeriph_Driver\src\stm32f4xx_tim.c 0x00000000   Number         0  stm32f4xx_tim.o ABSOLUTE
    Libraries\STM32F4xx_StdPeriph_Driver\src\stm32f4xx_usart.c 0x00000000   Number         0  stm32f4xx_usart.o ABSOLUTE
    Libraries\STM32F4xx_StdPeriph_Driver\src\stm32f4xx_wwdg.c 0x00000000   Number         0  stm32f4xx_wwdg.o ABSOLUTE
    Libraries\\STM32F4xx_StdPeriph_Driver\\src\\misc.c 0x00000000   Number         0  misc.o ABSOLUTE
    Libraries\\STM32F4xx_StdPeriph_Driver\\src\\stm32f4_discovery.c 0x00000000   Number         0  stm32f4_discovery.o ABSOLUTE
    Libraries\\STM32F4xx_StdPeriph_Driver\\src\\stm32f4xx_adc.c 0x00000000   Number         0  stm32f4xx_adc.o ABSOLUTE
    Libraries\\STM32F4xx_StdPeriph_Driver\\src\\stm32f4xx_dac.c 0x00000000   Number         0  stm32f4xx_dac.o ABSOLUTE
    Libraries\\STM32F4xx_StdPeriph_Driver\\src\\stm32f4xx_dbgmcu.c 0x00000000   Number         0  stm32f4xx_dbgmcu.o ABSOLUTE
    Libraries\\STM32F4xx_StdPeriph_Driver\\src\\stm32f4xx_exti.c 0x00000000   Number         0  stm32f4xx_exti.o ABSOLUTE
    Libraries\\STM32F4xx_StdPeriph_Driver\\src\\stm32f4xx_gpio.c 0x00000000   Number         0  stm32f4xx_gpio.o ABSOLUTE
    Libraries\\STM32F4xx_StdPeriph_Driver\\src\\stm32f4xx_i2c.c 0x00000000   Number         0  stm32f4xx_i2c.o ABSOLUTE
    Libraries\\STM32F4xx_StdPeriph_Driver\\src\\stm32f4xx_iwdg.c 0x00000000   Number         0  stm32f4xx_iwdg.o ABSOLUTE
    Libraries\\STM32F4xx_StdPeriph_Driver\\src\\stm32f4xx_pwr.c 0x00000000   Number         0  stm32f4xx_pwr.o ABSOLUTE
    Libraries\\STM32F4xx_StdPeriph_Driver\\src\\stm32f4xx_rcc.c 0x00000000   Number         0  stm32f4xx_rcc.o ABSOLUTE
    Libraries\\STM32F4xx_StdPeriph_Driver\\src\\stm32f4xx_rtc.c 0x00000000   Number         0  stm32f4xx_rtc.o ABSOLUTE
    Libraries\\STM32F4xx_StdPeriph_Driver\\src\\stm32f4xx_spi.c 0x00000000   Number         0  stm32f4xx_spi.o ABSOLUTE
    Libraries\\STM32F4xx_StdPeriph_Driver\\src\\stm32f4xx_syscfg.c 0x00000000   Number         0  stm32f4xx_syscfg.o ABSOLUTE
    Libraries\\STM32F4xx_StdPeriph_Driver\\src\\stm32f4xx_tim.c 0x00000000   Number         0  stm32f4xx_tim.o ABSOLUTE
    Libraries\\STM32F4xx_StdPeriph_Driver\\src\\stm32f4xx_usart.c 0x00000000   Number         0  stm32f4xx_usart.o ABSOLUTE
    Libraries\\STM32F4xx_StdPeriph_Driver\\src\\stm32f4xx_wwdg.c 0x00000000   Number         0  stm32f4xx_wwdg.o ABSOLUTE
    RTE\Device\STM32F407VG\startup_stm32f407xx.s 0x00000000   Number         0  startup_stm32f407xx.o ABSOLUTE
    RTE\Device\STM32F407VG\system_stm32f4xx.c 0x00000000   Number         0  system_stm32f4xx.o ABSOLUTE
    RTE\\Device\\STM32F407VG\\system_stm32f4xx.c 0x00000000   Number         0  system_stm32f4xx.o ABSOLUTE
    cdrcmple.s                               0x00000000   Number         0  cdrcmple.o ABSOLUTE
    dc.s                                     0x00000000   Number         0  dc.o ABSOLUTE
    handlers.s                               0x00000000   Number         0  handlers.o ABSOLUTE
    init.s                                   0x00000000   Number         0  init.o ABSOLUTE
    src\FreeRTOS\croutine.c                  0x00000000   Number         0  croutine.o ABSOLUTE
    src\FreeRTOS\list.c                      0x00000000   Number         0  list.o ABSOLUTE
    src\FreeRTOS\portable\MemMang\heap_2.c   0x00000000   Number         0  heap_2.o ABSOLUTE
    src\FreeRTOS\portable\RVDS\ARM_CM4F\port.c 0x00000000   Number         0  port.o ABSOLUTE
    src\FreeRTOS\queue.c                     0x00000000   Number         0  queue.o ABSOLUTE
    src\FreeRTOS\tasks.c                     0x00000000   Number         0  tasks.o ABSOLUTE
    src\FreeRTOS\timers.c                    0x00000000   Number         0  timers.o ABSOLUTE
    src\\FreeRTOS\\croutine.c                0x00000000   Number         0  croutine.o ABSOLUTE
    src\\FreeRTOS\\list.c                    0x00000000   Number         0  list.o ABSOLUTE
    src\\FreeRTOS\\portable\\MemMang\\heap_2.c 0x00000000   Number         0  heap_2.o ABSOLUTE
    src\\FreeRTOS\\portable\\RVDS\\ARM_CM4F\\port.c 0x00000000   Number         0  port.o ABSOLUTE
    src\\FreeRTOS\\queue.c                   0x00000000   Number         0  queue.o ABSOLUTE
    src\\FreeRTOS\\tasks.c                   0x00000000   Number         0  tasks.o ABSOLUTE
    src\\FreeRTOS\\timers.c                  0x00000000   Number         0  timers.o ABSOLUTE
    src\\bsp.c                               0x00000000   Number         0  bsp.o ABSOLUTE
    src\\delay.c                             0x00000000   Number         0  delay.o ABSOLUTE
    src\\functions.c                         0x00000000   Number         0  functions.o ABSOLUTE
    src\\intercom.c                          0x00000000   Number         0  intercom.o ABSOLUTE
    src\\main.c                              0x00000000   Number         0  main.o ABSOLUTE
    src\\retarget.c                          0x00000000   Number         0  retarget.o ABSOLUTE
    src\\stm32f4_discovery_lis302dl.c        0x00000000   Number         0  stm32f4_discovery_lis302dl.o ABSOLUTE
    src\\utils.c                             0x00000000   Number         0  utils.o ABSOLUTE
    src\bsp.c                                0x00000000   Number         0  bsp.o ABSOLUTE
    src\delay.c                              0x00000000   Number         0  delay.o ABSOLUTE
    src\functions.c                          0x00000000   Number         0  functions.o ABSOLUTE
    src\intercom.c                           0x00000000   Number         0  intercom.o ABSOLUTE
    src\lcd.c                                0x00000000   Number         0  lcd.o ABSOLUTE
    src\main.c                               0x00000000   Number         0  main.o ABSOLUTE
    src\retarget.c                           0x00000000   Number         0  retarget.o ABSOLUTE
    src\stm32f4_discovery_lis302dl.c         0x00000000   Number         0  stm32f4_discovery_lis302dl.o ABSOLUTE
    src\utils.c                              0x00000000   Number         0  utils.o ABSOLUTE
    RESET                                    0x08000000   Section      392  startup_stm32f407xx.o(RESET)
    .ARM.Collect$$$$00000000                 0x08000188   Section        0  entry.o(.ARM.Collect$$$$00000000)
    .ARM.Collect$$$$00000001                 0x08000188   Section        4  entry2.o(.ARM.Collect$$$$00000001)
    .ARM.Collect$$$$00000004                 0x0800018c   Section        4  entry5.o(.ARM.Collect$$$$00000004)
    .ARM.Collect$$$$00000008                 0x08000190   Section        0  entry7b.o(.ARM.Collect$$$$00000008)
    .ARM.Collect$$$$0000000A                 0x08000190   Section        0  entry8b.o(.ARM.Collect$$$$0000000A)
    .ARM.Collect$$$$0000000B                 0x08000190   Section        8  entry9a.o(.ARM.Collect$$$$0000000B)
    .ARM.Collect$$$$0000000E                 0x08000198   Section        4  entry12b.o(.ARM.Collect$$$$0000000E)
    .ARM.Collect$$$$0000000F                 0x0800019c   Section        0  entry10a.o(.ARM.Collect$$$$0000000F)
    .ARM.Collect$$$$00000011                 0x0800019c   Section        0  entry11a.o(.ARM.Collect$$$$00000011)
    .ARM.Collect$$$$00002712                 0x0800019c   Section        4  entry2.o(.ARM.Collect$$$$00002712)
    __lit__00000000                          0x0800019c   Data           4  entry2.o(.ARM.Collect$$$$00002712)
    .emb_text                                0x080001a0   Section      190  port.o(.emb_text)
    $v0                                      0x080001a0   Number         0  port.o(.emb_text)
    .text                                    0x08000260   Section        0  delay.o(.text)
    _delay_init                              0x08000261   Thumb Code    28  delay.o(.text)
    .text                                    0x080002cc   Section        0  lcd.o(.text)
    .text                                    0x080004ec   Section        0  bsp.o(.text)
    .text                                    0x08000940   Section        0  functions.o(.text)
    .text                                    0x08000a70   Section        0  intercom.o(.text)
    .text                                    0x08000ac0   Section        0  main.o(.text)
    .text                                    0x08000f34   Section        0  list.o(.text)
    .text                                    0x08000fc8   Section        0  queue.o(.text)
    prvInitialiseNewQueue                    0x0800105b   Thumb Code    42  queue.o(.text)
    prvUnlockQueue                           0x080010dd   Thumb Code   126  queue.o(.text)
    prvIsQueueFull                           0x0800115b   Thumb Code    30  queue.o(.text)
    prvCopyDataToQueue                       0x08001179   Thumb Code   124  queue.o(.text)
    prvInitialiseMutex                       0x08001399   Thumb Code    28  queue.o(.text)
    prvIsQueueEmpty                          0x08001423   Thumb Code    26  queue.o(.text)
    prvCopyDataFromQueue                     0x0800143d   Thumb Code    42  queue.o(.text)
    .text                                    0x08001bf8   Section        0  tasks.o(.text)
    prvInitialiseTaskLists                   0x08001bf9   Thumb Code    70  tasks.o(.text)
    prvAddNewTaskToReadyList                 0x08001c3f   Thumb Code   156  tasks.o(.text)
    prvInitialiseNewTask                     0x08001cdb   Thumb Code   180  tasks.o(.text)
    prvResetNextTaskUnblockTime              0x08001def   Thumb Code    42  tasks.o(.text)
    prvDeleteTCB                             0x08001e19   Thumb Code    18  tasks.o(.text)
    prvAddCurrentTaskToDelayedList           0x0800213b   Thumb Code   124  tasks.o(.text)
    prvTaskIsTaskSuspended                   0x08002625   Thumb Code    80  tasks.o(.text)
    prvCheckTasksWaitingTermination          0x08002793   Thumb Code    86  tasks.o(.text)
    prvIdleTask                              0x080027e9   Thumb Code    32  tasks.o(.text)
    prvTaskCheckFreeStackSpace               0x08002931   Thumb Code    22  tasks.o(.text)
    prvListTasksWithinSingleList             0x080029b9   Thumb Code   106  tasks.o(.text)
    .text                                    0x080033bc   Section        0  timers.o(.text)
    prvInsertTimerInActiveList               0x080033bd   Thumb Code    80  timers.o(.text)
    prvSwitchTimerLists                      0x0800348b   Thumb Code   150  timers.o(.text)
    prvSampleTimeNow                         0x08003521   Thumb Code    40  timers.o(.text)
    prvProcessReceivedCommands               0x08003549   Thumb Code   242  timers.o(.text)
    prvProcessExpiredTimer                   0x0800363b   Thumb Code    94  timers.o(.text)
    prvProcessTimerOrBlockTask               0x08003699   Thumb Code   102  timers.o(.text)
    prvGetNextExpireTime                     0x080036ff   Thumb Code    36  timers.o(.text)
    prvTimerTask                             0x08003723   Thumb Code    26  timers.o(.text)
    prvCheckForValidListAndQueue             0x0800373d   Thumb Code    72  timers.o(.text)
    prvInitialiseNewTimer                    0x080037fd   Thumb Code    78  timers.o(.text)
    .text                                    0x0800399c   Section        0  port.o(.text)
    prvTaskExitError                         0x0800399d   Thumb Code    60  port.o(.text)
    .text                                    0x08003ca8   Section        0  heap_2.o(.text)
    prvHeapInit                              0x08003ca9   Thumb Code    38  heap_2.o(.text)
    .text                                    0x08003dcc   Section        0  misc.o(.text)
    .text                                    0x08003eac   Section        0  stm32f4xx_gpio.o(.text)
    .text                                    0x0800410c   Section        0  stm32f4xx_rcc.o(.text)
    .text                                    0x08004694   Section        0  stm32f4xx_tim.o(.text)
    TI4_Config                               0x08004e8b   Thumb Code    84  stm32f4xx_tim.o(.text)
    TI3_Config                               0x08004ef1   Thumb Code    84  stm32f4xx_tim.o(.text)
    TI2_Config                               0x08004f5f   Thumb Code    84  stm32f4xx_tim.o(.text)
    TI1_Config                               0x08004fc5   Thumb Code    62  stm32f4xx_tim.o(.text)
    .text                                    0x080053ac   Section       36  startup_stm32f407xx.o(.text)
    $v0                                      0x080053ac   Number         0  startup_stm32f407xx.o(.text)
    .text                                    0x080053d0   Section        0  system_stm32f4xx.o(.text)
    SetSysClock                              0x0800547b   Thumb Code   224  system_stm32f4xx.o(.text)
    .text                                    0x080055e4   Section        0  memcpya.o(.text)
    .text                                    0x08005608   Section        0  memseta.o(.text)
    .text                                    0x0800562c   Section        0  uidiv.o(.text)
    .text                                    0x08005658   Section       36  init.o(.text)
    i.__0snprintf$1                          0x0800567c   Section        0  printf1.o(i.__0snprintf$1)
    i.__scatterload_copy                     0x080056b0   Section       14  handlers.o(i.__scatterload_copy)
    i.__scatterload_null                     0x080056be   Section        2  handlers.o(i.__scatterload_null)
    i.__scatterload_zeroinit                 0x080056c0   Section       14  handlers.o(i.__scatterload_zeroinit)
    i._printf_core                           0x080056d0   Section        0  printf1.o(i._printf_core)
    _printf_core                             0x080056d1   Thumb Code   336  printf1.o(i._printf_core)
    i._snputc                                0x08005824   Section        0  printf1.o(i._snputc)
    _snputc                                  0x08005825   Thumb Code    22  printf1.o(i._snputc)
    .constdata                               0x0800583a   Section       16  system_stm32f4xx.o(.constdata)
    .data                                    0x20000000   Section        4  delay.o(.data)
    _init                                    0x20000000   Data           4  delay.o(.data)
    .data                                    0x20000004   Section       16  intercom.o(.data)
    .data                                    0x20000014   Section       16  main.o(.data)
    hour_mode                                0x20000020   Data           1  main.o(.data)
    state                                    0x20000021   Data           1  main.o(.data)
    previous                                 0x20000022   Data           2  main.o(.data)
    .data                                    0x20000024   Section       60  tasks.o(.data)
    pxDelayedTaskList                        0x20000028   Data           4  tasks.o(.data)
    pxOverflowDelayedTaskList                0x2000002c   Data           4  tasks.o(.data)
    uxDeletedTasksWaitingCleanUp             0x20000030   Data           4  tasks.o(.data)
    uxCurrentNumberOfTasks                   0x20000034   Data           4  tasks.o(.data)
    xTickCount                               0x20000038   Data           4  tasks.o(.data)
    uxTopReadyPriority                       0x2000003c   Data           4  tasks.o(.data)
    xSchedulerRunning                        0x20000040   Data           4  tasks.o(.data)
    uxPendedTicks                            0x20000044   Data           4  tasks.o(.data)
    xYieldPending                            0x20000048   Data           4  tasks.o(.data)
    xNumOfOverflows                          0x2000004c   Data           4  tasks.o(.data)
    uxTaskNumber                             0x20000050   Data           4  tasks.o(.data)
    xNextTaskUnblockTime                     0x20000054   Data           4  tasks.o(.data)
    xIdleTaskHandle                          0x20000058   Data           4  tasks.o(.data)
    uxSchedulerSuspended                     0x2000005c   Data           4  tasks.o(.data)
    .data                                    0x20000060   Section       20  timers.o(.data)
    pxCurrentTimerList                       0x20000060   Data           4  timers.o(.data)
    pxOverflowTimerList                      0x20000064   Data           4  timers.o(.data)
    xTimerQueue                              0x20000068   Data           4  timers.o(.data)
    xTimerTaskHandle                         0x2000006c   Data           4  timers.o(.data)
    xLastTime                                0x20000070   Data           4  timers.o(.data)
    .data                                    0x20000074   Section       12  port.o(.data)
    uxCriticalNesting                        0x20000074   Data           4  port.o(.data)
    ucMaxSysCallPriority                     0x20000078   Data           1  port.o(.data)
    ulMaxPRIGROUPValue                       0x2000007c   Data           4  port.o(.data)
    .data                                    0x20000080   Section       24  heap_2.o(.data)
    xStart                                   0x20000080   Data           8  heap_2.o(.data)
    xEnd                                     0x20000088   Data           8  heap_2.o(.data)
    xFreeBytesRemaining                      0x20000090   Data           4  heap_2.o(.data)
    xHeapHasBeenInitialised                  0x20000094   Data           4  heap_2.o(.data)
    .data                                    0x20000098   Section       16  stm32f4xx_rcc.o(.data)
    APBAHBPrescTable                         0x20000098   Data          16  stm32f4xx_rcc.o(.data)
    .data                                    0x200000a8   Section        4  system_stm32f4xx.o(.data)
    .bss                                     0x200000ac   Section       64  queue.o(.bss)
    .bss                                     0x200000ec   Section      200  tasks.o(.bss)
    pxReadyTasksLists                        0x200000ec   Data         100  tasks.o(.bss)
    xDelayedTaskList1                        0x20000150   Data          20  tasks.o(.bss)
    xDelayedTaskList2                        0x20000164   Data          20  tasks.o(.bss)
    xPendingReadyList                        0x20000178   Data          20  tasks.o(.bss)
    xTasksWaitingTermination                 0x2000018c   Data          20  tasks.o(.bss)
    xSuspendedTaskList                       0x200001a0   Data          20  tasks.o(.bss)
    .bss                                     0x200001b4   Section       40  timers.o(.bss)
    xActiveTimerList1                        0x200001b4   Data          20  timers.o(.bss)
    xActiveTimerList2                        0x200001c8   Data          20  timers.o(.bss)
    .bss                                     0x200001dc   Section    76800  heap_2.o(.bss)
    ucHeap                                   0x200001dc   Data       76800  heap_2.o(.bss)
    STACK                                    0x20012de0   Section     1024  startup_stm32f407xx.o(STACK)

    Global Symbols

    Symbol Name                              Value     Ov Type        Size  Object(Section)

    BuildAttributes$$THM_ISAv4$E$P$D$K$B$S$7EM$VFPi3$EXTD16$VFPS$VFMA$PE$A:L22UL41UL21$X:L11$S22US41US21$IEEE1$IW$USESV6$~STKCKD$USESV7$~SHL$OSPACE$ROPI$EBA8$MICROLIB$REQ8$PRES8$EABIv2 0x00000000   Number         0  anon$$obj.o ABSOLUTE
    __ARM_use_no_argv                        0x00000000   Number         0  main.o ABSOLUTE
    __use_no_errno                           0x00000000   Number         0  useno.o ABSOLUTE
    __use_no_exception_handling              0x00000000   Number         0  useno.o ABSOLUTE
    __use_no_fp                              0x00000000   Number         0  useno.o ABSOLUTE
    __use_no_heap                            0x00000000   Number         0  useno.o ABSOLUTE
    __use_no_heap_region                     0x00000000   Number         0  useno.o ABSOLUTE
    __use_no_semihosting                     0x00000000   Number         0  useno.o ABSOLUTE
    __use_no_semihosting_swi                 0x00000000   Number         0  useno.o ABSOLUTE
    __use_no_signal_handling                 0x00000000   Number         0  useno.o ABSOLUTE
    _printf_a                                0x00000000   Number         0  stubs.o ABSOLUTE
    _printf_c                                0x00000000   Number         0  stubs.o ABSOLUTE
    _printf_charcount                        0x00000000   Number         0  stubs.o ABSOLUTE
    _printf_d                                0x00000000   Number         0  stubs.o ABSOLUTE
    _printf_e                                0x00000000   Number         0  stubs.o ABSOLUTE
    _printf_f                                0x00000000   Number         0  stubs.o ABSOLUTE
    _printf_flags                            0x00000000   Number         0  stubs.o ABSOLUTE
    _printf_fp_dec                           0x00000000   Number         0  stubs.o ABSOLUTE
    _printf_fp_hex                           0x00000000   Number         0  stubs.o ABSOLUTE
    _printf_g                                0x00000000   Number         0  stubs.o ABSOLUTE
    _printf_i                                0x00000000   Number         0  stubs.o ABSOLUTE
    _printf_int_dec                          0x00000000   Number         0  stubs.o ABSOLUTE
    _printf_l                                0x00000000   Number         0  stubs.o ABSOLUTE
    _printf_lc                               0x00000000   Number         0  stubs.o ABSOLUTE
    _printf_ll                               0x00000000   Number         0  stubs.o ABSOLUTE
    _printf_lld                              0x00000000   Number         0  stubs.o ABSOLUTE
    _printf_lli                              0x00000000   Number         0  stubs.o ABSOLUTE
    _printf_llo                              0x00000000   Number         0  stubs.o ABSOLUTE
    _printf_llu                              0x00000000   Number         0  stubs.o ABSOLUTE
    _printf_llx                              0x00000000   Number         0  stubs.o ABSOLUTE
    _printf_longlong_dec                     0x00000000   Number         0  stubs.o ABSOLUTE
    _printf_longlong_hex                     0x00000000   Number         0  stubs.o ABSOLUTE
    _printf_longlong_oct                     0x00000000   Number         0  stubs.o ABSOLUTE
    _printf_ls                               0x00000000   Number         0  stubs.o ABSOLUTE
    _printf_mbtowc                           0x00000000   Number         0  stubs.o ABSOLUTE
    _printf_n                                0x00000000   Number         0  stubs.o ABSOLUTE
    _printf_o                                0x00000000   Number         0  stubs.o ABSOLUTE
    _printf_p                                0x00000000   Number         0  stubs.o ABSOLUTE
    _printf_percent                          0x00000000   Number         0  stubs.o ABSOLUTE
    _printf_pre_padding                      0x00000000   Number         0  stubs.o ABSOLUTE
    _printf_return_value                     0x00000000   Number         0  stubs.o ABSOLUTE
    _printf_s                                0x00000000   Number         0  stubs.o ABSOLUTE
    _printf_sizespec                         0x00000000   Number         0  stubs.o ABSOLUTE
    _printf_str                              0x00000000   Number         0  stubs.o ABSOLUTE
    _printf_truncate_signed                  0x00000000   Number         0  stubs.o ABSOLUTE
    _printf_truncate_unsigned                0x00000000   Number         0  stubs.o ABSOLUTE
    _printf_u                                0x00000000   Number         0  stubs.o ABSOLUTE
    _printf_wc                               0x00000000   Number         0  stubs.o ABSOLUTE
    _printf_wctomb                           0x00000000   Number         0  stubs.o ABSOLUTE
    _printf_widthprec                        0x00000000   Number         0  stubs.o ABSOLUTE
    _printf_x                                0x00000000   Number         0  stubs.o ABSOLUTE
    __arm_fini_                               - Undefined Weak Reference
    __cpp_initialize__aeabi_                  - Undefined Weak Reference
    __cxa_finalize                            - Undefined Weak Reference
    __decompress                              - Undefined Weak Reference
    _clock_init                               - Undefined Weak Reference
    _microlib_exit                            - Undefined Weak Reference
    __Vectors_Size                           0x00000188   Number         0  startup_stm32f407xx.o ABSOLUTE
    __Vectors                                0x08000000   Data           4  startup_stm32f407xx.o(RESET)
    __Vectors_End                            0x08000188   Data           0  startup_stm32f407xx.o(RESET)
    __main                                   0x08000189   Thumb Code     0  entry.o(.ARM.Collect$$$$00000000)
    _main_stk                                0x08000189   Thumb Code     0  entry2.o(.ARM.Collect$$$$00000001)
    _main_scatterload                        0x0800018d   Thumb Code     0  entry5.o(.ARM.Collect$$$$00000004)
    __main_after_scatterload                 0x08000191   Thumb Code     0  entry5.o(.ARM.Collect$$$$00000004)
    _main_clock                              0x08000191   Thumb Code     0  entry7b.o(.ARM.Collect$$$$00000008)
    _main_cpp_init                           0x08000191   Thumb Code     0  entry8b.o(.ARM.Collect$$$$0000000A)
    _main_init                               0x08000191   Thumb Code     0  entry9a.o(.ARM.Collect$$$$0000000B)
    __rt_lib_shutdown_fini                   0x08000199   Thumb Code     0  entry12b.o(.ARM.Collect$$$$0000000E)
    __rt_final_cpp                           0x0800019d   Thumb Code     0  entry10a.o(.ARM.Collect$$$$0000000F)
    __rt_final_exit                          0x0800019d   Thumb Code     0  entry11a.o(.ARM.Collect$$$$00000011)
    __asm___6_port_c_39a90d8d____REV16       0x080001a1   Thumb Code     4  port.o(.emb_text)
    __asm___6_port_c_39a90d8d____REVSH       0x080001a5   Thumb Code     4  port.o(.emb_text)
    SVC_Handler                              0x080001a9   Thumb Code    28  port.o(.emb_text)
    __asm___6_port_c_39a90d8d__prvStartFirstTask 0x080001c9   Thumb Code    28  port.o(.emb_text)
    __asm___6_port_c_39a90d8d__prvEnableVFP  0x080001e9   Thumb Code    16  port.o(.emb_text)
    PendSV_Handler                           0x080001fd   Thumb Code    88  port.o(.emb_text)
    vPortGetIPSR                             0x08000259   Thumb Code     6  port.o(.emb_text)
    delay_us                                 0x0800027d   Thumb Code    42  delay.o(.text)
    delay_ms                                 0x080002a7   Thumb Code    26  delay.o(.text)
    lcd_init                                 0x080002cd   Thumb Code   392  lcd.o(.text)
    lcd_print                                0x08000455   Thumb Code    66  lcd.o(.text)
    lcd_move                                 0x08000497   Thumb Code    66  lcd.o(.text)
    Timer5_Config                            0x080004ed   Thumb Code    42  bsp.o(.text)
    Timer4_Config                            0x08000517   Thumb Code    90  bsp.o(.text)
    Timer3_Config                            0x08000571   Thumb Code    96  bsp.o(.text)
    GPIOE_Config                             0x080005d1   Thumb Code    44  bsp.o(.text)
    GPIOD_Config                             0x080005fd   Thumb Code    50  bsp.o(.text)
    BSP_init                                 0x0800062f   Thumb Code    28  bsp.o(.text)
    BSP_Timer5_cmd                           0x0800064b   Thumb Code    52  bsp.o(.text)
    TIM5_IRQHandler                          0x0800067f   Thumb Code    44  bsp.o(.text)
    TIM4_IRQHandler                          0x080006ab   Thumb Code    36  bsp.o(.text)
    TIM3_IRQHandler                          0x080006cf   Thumb Code    46  bsp.o(.text)
    BSP_LedToggle                            0x080006fd   Thumb Code    14  bsp.o(.text)
    BSP_ReadInput                            0x0800070b   Thumb Code    14  bsp.o(.text)
    BSP_clear_mode_row                       0x08000719   Thumb Code    32  bsp.o(.text)
    BSP_print_mode                           0x08000739   Thumb Code    46  bsp.o(.text)
    BSP_clear_time_row                       0x08000767   Thumb Code    32  bsp.o(.text)
    BSP_print_time                           0x08000787   Thumb Code   168  bsp.o(.text)
    BSP_print_sub_time                       0x0800082f   Thumb Code   164  bsp.o(.text)
    BSP_screen_off                           0x080008d3   Thumb Code    12  bsp.o(.text)
    update_time_reg                          0x08000941   Thumb Code    56  functions.o(.text)
    update_sub_time_reg                      0x08000979   Thumb Code    62  functions.o(.text)
    toggle_hour_mode                         0x080009b7   Thumb Code    16  functions.o(.text)
    check_hour_mode                          0x080009c7   Thumb Code    92  functions.o(.text)
    toggle_stpwtch_status                    0x08000a23   Thumb Code    34  functions.o(.text)
    initialize_time_to_zero                  0x08000a45   Thumb Code    12  functions.o(.text)
    toggle_power_mode                        0x08000a51   Thumb Code    30  functions.o(.text)
    INTERCOM_init                            0x08000a71   Thumb Code    66  intercom.o(.text)
    vReadButtons                             0x08000ac1   Thumb Code   176  main.o(.text)
    dormant_default_state                    0x08000b71   Thumb Code    48  main.o(.text)
    active_default_state                     0x08000ba1   Thumb Code    28  main.o(.text)
    super_active_state                       0x08000bbd   Thumb Code   420  main.o(.text)
    vUpdateGUI                               0x08000d61   Thumb Code    62  main.o(.text)
    vUpdateTime                              0x08000d9f   Thumb Code   238  main.o(.text)
    main                                     0x08000e8d   Thumb Code   150  main.o(.text)
    vListInitialise                          0x08000f35   Thumb Code    26  list.o(.text)
    vListInitialiseItem                      0x08000f4f   Thumb Code     6  list.o(.text)
    vListInsertEnd                           0x08000f55   Thumb Code    24  list.o(.text)
    vListInsert                              0x08000f6d   Thumb Code    52  list.o(.text)
    uxListRemove                             0x08000fa1   Thumb Code    40  list.o(.text)
    xQueueGenericReset                       0x08000fc9   Thumb Code   146  queue.o(.text)
    xQueueGenericCreate                      0x08001085   Thumb Code    88  queue.o(.text)
    xQueueGenericSend                        0x080011f5   Thumb Code   420  queue.o(.text)
    xQueueCreateMutex                        0x080013b5   Thumb Code    34  queue.o(.text)
    xQueueGiveMutexRecursive                 0x080013d7   Thumb Code    76  queue.o(.text)
    xQueueGenericReceive                     0x08001467   Thumb Code   446  queue.o(.text)
    xQueueTakeMutexRecursive                 0x08001625   Thumb Code    82  queue.o(.text)
    xQueueCreateCountingSemaphore            0x08001677   Thumb Code    92  queue.o(.text)
    xQueueGenericSendFromISR                 0x080016d3   Thumb Code   248  queue.o(.text)
    xQueueGiveFromISR                        0x080017cb   Thumb Code   224  queue.o(.text)
    xQueueReceiveFromISR                     0x080018ab   Thumb Code   210  queue.o(.text)
    xQueuePeekFromISR                        0x0800197d   Thumb Code   176  queue.o(.text)
    uxQueueMessagesWaiting                   0x08001a2d   Thumb Code    42  queue.o(.text)
    uxQueueSpacesAvailable                   0x08001a57   Thumb Code    48  queue.o(.text)
    uxQueueMessagesWaitingFromISR            0x08001a87   Thumb Code    30  queue.o(.text)
    vQueueUnregisterQueue                    0x08001aa5   Thumb Code    44  queue.o(.text)
    vQueueDelete                             0x08001ad1   Thumb Code    44  queue.o(.text)
    uxQueueGetQueueNumber                    0x08001afd   Thumb Code     6  queue.o(.text)
    vQueueSetQueueNumber                     0x08001b03   Thumb Code     4  queue.o(.text)
    ucQueueGetQueueType                      0x08001b07   Thumb Code     8  queue.o(.text)
    xQueueIsQueueEmptyFromISR                0x08001b0f   Thumb Code    38  queue.o(.text)
    xQueueIsQueueFullFromISR                 0x08001b35   Thumb Code    42  queue.o(.text)
    vQueueAddToRegistry                      0x08001b5f   Thumb Code    38  queue.o(.text)
    pcQueueGetName                           0x08001b85   Thumb Code    38  queue.o(.text)
    vQueueWaitForMessageRestricted           0x08001bab   Thumb Code    74  queue.o(.text)
    xTaskCreate                              0x08001d8f   Thumb Code    96  tasks.o(.text)
    vTaskDelete                              0x08001e2b   Thumb Code   202  tasks.o(.text)
    xTaskIncrementTick                       0x08001ef5   Thumb Code   358  tasks.o(.text)
    xTaskResumeAll                           0x0800205b   Thumb Code   224  tasks.o(.text)
    vTaskSuspendAll                          0x080021b7   Thumb Code    12  tasks.o(.text)
    vTaskDelayUntil                          0x080021c3   Thumb Code   200  tasks.o(.text)
    vTaskDelay                               0x0800228b   Thumb Code    82  tasks.o(.text)
    eTaskGetState                            0x080022dd   Thumb Code   112  tasks.o(.text)
    uxTaskPriorityGet                        0x0800234d   Thumb Code    30  tasks.o(.text)
    uxTaskPriorityGetFromISR                 0x0800236b   Thumb Code    62  tasks.o(.text)
    vTaskPrioritySet                         0x080023a9   Thumb Code   322  tasks.o(.text)
    vTaskSwitchContext                       0x080024eb   Thumb Code   118  tasks.o(.text)
    vTaskSuspend                             0x08002561   Thumb Code   196  tasks.o(.text)
    vTaskResume                              0x08002675   Thumb Code   128  tasks.o(.text)
    xTaskResumeFromISR                       0x080026f5   Thumb Code   158  tasks.o(.text)
    vTaskStartScheduler                      0x08002809   Thumb Code   192  tasks.o(.text)
    vTaskEndScheduler                        0x080028c9   Thumb Code    32  tasks.o(.text)
    xTaskGetTickCount                        0x080028e9   Thumb Code     6  tasks.o(.text)
    xTaskGetTickCountFromISR                 0x080028ef   Thumb Code    16  tasks.o(.text)
    uxTaskGetNumberOfTasks                   0x080028ff   Thumb Code     6  tasks.o(.text)
    pcTaskGetName                            0x08002905   Thumb Code    44  tasks.o(.text)
    vTaskGetInfo                             0x08002947   Thumb Code   114  tasks.o(.text)
    uxTaskGetSystemState                     0x08002a23   Thumb Code   152  tasks.o(.text)
    vTaskPlaceOnEventList                    0x08002abb   Thumb Code    52  tasks.o(.text)
    vTaskPlaceOnUnorderedEventList           0x08002aef   Thumb Code   100  tasks.o(.text)
    vTaskPlaceOnEventListRestricted          0x08002b53   Thumb Code    60  tasks.o(.text)
    xTaskRemoveFromEventList                 0x08002b8f   Thumb Code   128  tasks.o(.text)
    xTaskRemoveFromUnorderedEventList        0x08002c0f   Thumb Code   154  tasks.o(.text)
    vTaskSetTimeOutState                     0x08002ca9   Thumb Code    90  tasks.o(.text)
    xTaskCheckForTimeOut                     0x08002d03   Thumb Code   132  tasks.o(.text)
    vTaskMissedYield                         0x08002d87   Thumb Code     8  tasks.o(.text)
    uxTaskGetTaskNumber                      0x08002d8f   Thumb Code    14  tasks.o(.text)
    vTaskSetTaskNumber                       0x08002d9d   Thumb Code     8  tasks.o(.text)
    xTaskGetCurrentTaskHandle                0x08002da5   Thumb Code     6  tasks.o(.text)
    xTaskGetSchedulerState                   0x08002dab   Thumb Code    24  tasks.o(.text)
    vTaskPriorityInherit                     0x08002dc3   Thumb Code   164  tasks.o(.text)
    xTaskPriorityDisinherit                  0x08002e67   Thumb Code   188  tasks.o(.text)
    uxTaskResetEventItemValue                0x08002f23   Thumb Code    24  tasks.o(.text)
    pvTaskIncrementMutexHeldCount            0x08002f3b   Thumb Code    26  tasks.o(.text)
    ulTaskNotifyTake                         0x08002f55   Thumb Code   108  tasks.o(.text)
    xTaskNotifyWait                          0x08002fc1   Thumb Code   150  tasks.o(.text)
    xTaskGenericNotify                       0x08003057   Thumb Code   280  tasks.o(.text)
    xTaskGenericNotifyFromISR                0x0800316f   Thumb Code   298  tasks.o(.text)
    vTaskNotifyGiveFromISR                   0x08003299   Thumb Code   216  tasks.o(.text)
    xTaskNotifyStateClear                    0x08003371   Thumb Code    48  tasks.o(.text)
    xTimerGenericCommand                     0x0800340d   Thumb Code   126  timers.o(.text)
    xTimerCreateTimerTask                    0x08003785   Thumb Code   120  timers.o(.text)
    xTimerCreate                             0x0800384b   Thumb Code    48  timers.o(.text)
    xTimerGetTimerDaemonTaskHandle           0x0800387b   Thumb Code    42  timers.o(.text)
    xTimerGetPeriod                          0x080038a5   Thumb Code    32  timers.o(.text)
    xTimerGetExpiryTime                      0x080038c5   Thumb Code    34  timers.o(.text)
    pcTimerGetName                           0x080038e7   Thumb Code    32  timers.o(.text)
    xTimerIsTimerActive                      0x08003907   Thumb Code    56  timers.o(.text)
    pvTimerGetTimerID                        0x0800393f   Thumb Code    44  timers.o(.text)
    vTimerSetTimerID                         0x0800396b   Thumb Code    44  timers.o(.text)
    pxPortInitialiseStack                    0x080039d9   Thumb Code    38  port.o(.text)
    vPortSetupTimerInterrupt                 0x080039ff   Thumb Code    26  port.o(.text)
    xPortStartScheduler                      0x08003a19   Thumb Code   288  port.o(.text)
    vPortEndScheduler                        0x08003b39   Thumb Code    42  port.o(.text)
    vPortEnterCritical                       0x08003b63   Thumb Code    78  port.o(.text)
    vPortExitCritical                        0x08003bb1   Thumb Code    56  port.o(.text)
    SysTick_Handler                          0x08003be9   Thumb Code    48  port.o(.text)
    vPortValidateInterruptPriority           0x08003c19   Thumb Code   108  port.o(.text)
    pvPortMalloc                             0x08003ccf   Thumb Code   164  heap_2.o(.text)
    vPortFree                                0x08003d73   Thumb Code    56  heap_2.o(.text)
    xPortGetFreeHeapSize                     0x08003dab   Thumb Code     6  heap_2.o(.text)
    vPortInitialiseBlocks                    0x08003db1   Thumb Code     2  heap_2.o(.text)
    NVIC_PriorityGroupConfig                 0x08003dcd   Thumb Code    10  misc.o(.text)
    NVIC_Init                                0x08003dd7   Thumb Code   106  misc.o(.text)
    NVIC_SetVectorTable                      0x08003e41   Thumb Code    14  misc.o(.text)
    NVIC_SystemLPConfig                      0x08003e4f   Thumb Code    34  misc.o(.text)
    SysTick_CLKSourceConfig                  0x08003e71   Thumb Code    40  misc.o(.text)
    GPIO_DeInit                              0x08003ead   Thumb Code   220  stm32f4xx_gpio.o(.text)
    GPIO_Init                                0x08003f89   Thumb Code   144  stm32f4xx_gpio.o(.text)
    GPIO_StructInit                          0x08004019   Thumb Code    18  stm32f4xx_gpio.o(.text)
    GPIO_PinLockConfig                       0x0800402b   Thumb Code    34  stm32f4xx_gpio.o(.text)
    GPIO_ReadInputDataBit                    0x0800404d   Thumb Code    18  stm32f4xx_gpio.o(.text)
    GPIO_ReadInputData                       0x0800405f   Thumb Code     8  stm32f4xx_gpio.o(.text)
    GPIO_ReadOutputDataBit                   0x08004067   Thumb Code    18  stm32f4xx_gpio.o(.text)
    GPIO_ReadOutputData                      0x08004079   Thumb Code     8  stm32f4xx_gpio.o(.text)
    GPIO_SetBits                             0x08004081   Thumb Code     4  stm32f4xx_gpio.o(.text)
    GPIO_ResetBits                           0x08004085   Thumb Code     6  stm32f4xx_gpio.o(.text)
    GPIO_WriteBit                            0x0800408b   Thumb Code    12  stm32f4xx_gpio.o(.text)
    GPIO_Write                               0x08004097   Thumb Code     4  stm32f4xx_gpio.o(.text)
    GPIO_ToggleBits                          0x0800409b   Thumb Code     8  stm32f4xx_gpio.o(.text)
    GPIO_PinAFConfig                         0x080040a3   Thumb Code    70  stm32f4xx_gpio.o(.text)
    RCC_DeInit                               0x0800410d   Thumb Code    60  stm32f4xx_rcc.o(.text)
    RCC_HSEConfig                            0x08004149   Thumb Code    14  stm32f4xx_rcc.o(.text)
    RCC_GetFlagStatus                        0x08004157   Thumb Code    60  stm32f4xx_rcc.o(.text)
    RCC_WaitForHSEStartUp                    0x08004193   Thumb Code    56  stm32f4xx_rcc.o(.text)
    RCC_AdjustHSICalibrationValue            0x080041cb   Thumb Code    20  stm32f4xx_rcc.o(.text)
    RCC_HSICmd                               0x080041df   Thumb Code     6  stm32f4xx_rcc.o(.text)
    RCC_LSEConfig                            0x080041e5   Thumb Code    46  stm32f4xx_rcc.o(.text)
    RCC_LSICmd                               0x08004213   Thumb Code     6  stm32f4xx_rcc.o(.text)
    RCC_PLLConfig                            0x08004219   Thumb Code    32  stm32f4xx_rcc.o(.text)
    RCC_PLLCmd                               0x08004239   Thumb Code     6  stm32f4xx_rcc.o(.text)
    RCC_PLLI2SConfig                         0x0800423f   Thumb Code    14  stm32f4xx_rcc.o(.text)
    RCC_PLLI2SCmd                            0x0800424d   Thumb Code     6  stm32f4xx_rcc.o(.text)
    RCC_ClockSecuritySystemCmd               0x08004253   Thumb Code     6  stm32f4xx_rcc.o(.text)
    RCC_MCO1Config                           0x08004259   Thumb Code    28  stm32f4xx_rcc.o(.text)
    RCC_MCO2Config                           0x08004275   Thumb Code    28  stm32f4xx_rcc.o(.text)
    RCC_SYSCLKConfig                         0x08004291   Thumb Code    20  stm32f4xx_rcc.o(.text)
    RCC_GetSYSCLKSource                      0x080042a5   Thumb Code    12  stm32f4xx_rcc.o(.text)
    RCC_HCLKConfig                           0x080042b1   Thumb Code    20  stm32f4xx_rcc.o(.text)
    RCC_PCLK1Config                          0x080042c5   Thumb Code    20  stm32f4xx_rcc.o(.text)
    RCC_PCLK2Config                          0x080042d9   Thumb Code    22  stm32f4xx_rcc.o(.text)
    RCC_GetClocksFreq                        0x080042ef   Thumb Code   222  stm32f4xx_rcc.o(.text)
    RCC_RTCCLKConfig                         0x080043cd   Thumb Code    54  stm32f4xx_rcc.o(.text)
    RCC_RTCCLKCmd                            0x08004403   Thumb Code     8  stm32f4xx_rcc.o(.text)
    RCC_BackupResetCmd                       0x0800440b   Thumb Code     8  stm32f4xx_rcc.o(.text)
    RCC_I2SCLKConfig                         0x08004413   Thumb Code     6  stm32f4xx_rcc.o(.text)
    RCC_AHB1PeriphClockCmd                   0x08004419   Thumb Code    34  stm32f4xx_rcc.o(.text)
    RCC_AHB2PeriphClockCmd                   0x0800443b   Thumb Code    34  stm32f4xx_rcc.o(.text)
    RCC_AHB3PeriphClockCmd                   0x0800445d   Thumb Code    34  stm32f4xx_rcc.o(.text)
    RCC_APB1PeriphClockCmd                   0x0800447f   Thumb Code    34  stm32f4xx_rcc.o(.text)
    RCC_APB2PeriphClockCmd                   0x080044a1   Thumb Code    34  stm32f4xx_rcc.o(.text)
    RCC_AHB1PeriphResetCmd                   0x080044c3   Thumb Code    34  stm32f4xx_rcc.o(.text)
    RCC_AHB2PeriphResetCmd                   0x080044e5   Thumb Code    72  stm32f4xx_rcc.o(.text)
    RCC_AHB3PeriphResetCmd                   0x0800452d   Thumb Code    34  stm32f4xx_rcc.o(.text)
    RCC_APB1PeriphResetCmd                   0x0800454f   Thumb Code    34  stm32f4xx_rcc.o(.text)
    RCC_APB2PeriphResetCmd                   0x08004571   Thumb Code    34  stm32f4xx_rcc.o(.text)
    RCC_AHB1PeriphClockLPModeCmd             0x08004593   Thumb Code    34  stm32f4xx_rcc.o(.text)
    RCC_AHB2PeriphClockLPModeCmd             0x080045b5   Thumb Code    34  stm32f4xx_rcc.o(.text)
    RCC_AHB3PeriphClockLPModeCmd             0x080045d7   Thumb Code    34  stm32f4xx_rcc.o(.text)
    RCC_APB1PeriphClockLPModeCmd             0x080045f9   Thumb Code    34  stm32f4xx_rcc.o(.text)
    RCC_APB2PeriphClockLPModeCmd             0x0800461b   Thumb Code    34  stm32f4xx_rcc.o(.text)
    RCC_ITConfig                             0x0800463d   Thumb Code    34  stm32f4xx_rcc.o(.text)
    RCC_ClearFlag                            0x0800465f   Thumb Code    18  stm32f4xx_rcc.o(.text)
    RCC_GetITStatus                          0x08004671   Thumb Code    22  stm32f4xx_rcc.o(.text)
    RCC_ClearITPendingBit                    0x08004687   Thumb Code     8  stm32f4xx_rcc.o(.text)
    TIM_DeInit                               0x08004695   Thumb Code   346  stm32f4xx_tim.o(.text)
    TIM_TimeBaseInit                         0x080047ef   Thumb Code   106  stm32f4xx_tim.o(.text)
    TIM_TimeBaseStructInit                   0x08004859   Thumb Code    18  stm32f4xx_tim.o(.text)
    TIM_PrescalerConfig                      0x0800486b   Thumb Code     6  stm32f4xx_tim.o(.text)
    TIM_CounterModeConfig                    0x08004871   Thumb Code    20  stm32f4xx_tim.o(.text)
    TIM_SetCounter                           0x08004885   Thumb Code     4  stm32f4xx_tim.o(.text)
    TIM_SetAutoreload                        0x08004889   Thumb Code     4  stm32f4xx_tim.o(.text)
    TIM_GetCounter                           0x0800488d   Thumb Code     6  stm32f4xx_tim.o(.text)
    TIM_GetPrescaler                         0x08004893   Thumb Code     8  stm32f4xx_tim.o(.text)
    TIM_UpdateDisableConfig                  0x0800489b   Thumb Code    24  stm32f4xx_tim.o(.text)
    TIM_UpdateRequestConfig                  0x080048b3   Thumb Code    24  stm32f4xx_tim.o(.text)
    TIM_ARRPreloadConfig                     0x080048cb   Thumb Code    24  stm32f4xx_tim.o(.text)
    TIM_SelectOnePulseMode                   0x080048e3   Thumb Code    18  stm32f4xx_tim.o(.text)
    TIM_SetClockDivision                     0x080048f5   Thumb Code    18  stm32f4xx_tim.o(.text)
    TIM_Cmd                                  0x08004907   Thumb Code    24  stm32f4xx_tim.o(.text)
    TIM_OC1Init                              0x0800491f   Thumb Code   120  stm32f4xx_tim.o(.text)
    TIM_OC2Init                              0x08004997   Thumb Code   160  stm32f4xx_tim.o(.text)
    TIM_OC3Init                              0x08004a37   Thumb Code   210  stm32f4xx_tim.o(.text)
    TIM_OC4Init                              0x08004b09   Thumb Code   118  stm32f4xx_tim.o(.text)
    TIM_OCStructInit                         0x08004b7f   Thumb Code    20  stm32f4xx_tim.o(.text)
    TIM_SelectOCxM                           0x08004b93   Thumb Code    90  stm32f4xx_tim.o(.text)
    TIM_SetCompare1                          0x08004bed   Thumb Code     4  stm32f4xx_tim.o(.text)
    TIM_SetCompare2                          0x08004bf1   Thumb Code     4  stm32f4xx_tim.o(.text)
    TIM_SetCompare3                          0x08004bf5   Thumb Code     4  stm32f4xx_tim.o(.text)
    TIM_SetCompare4                          0x08004bf9   Thumb Code     4  stm32f4xx_tim.o(.text)
    TIM_ForcedOC1Config                      0x08004bfd   Thumb Code    20  stm32f4xx_tim.o(.text)
    TIM_ForcedOC2Config                      0x08004c11   Thumb Code    28  stm32f4xx_tim.o(.text)
    TIM_ForcedOC3Config                      0x08004c2d   Thumb Code    20  stm32f4xx_tim.o(.text)
    TIM_ForcedOC4Config                      0x08004c41   Thumb Code    28  stm32f4xx_tim.o(.text)
    TIM_OC1PreloadConfig                     0x08004c5d   Thumb Code    20  stm32f4xx_tim.o(.text)
    TIM_OC2PreloadConfig                     0x08004c71   Thumb Code    28  stm32f4xx_tim.o(.text)
    TIM_OC3PreloadConfig                     0x08004c8d   Thumb Code    20  stm32f4xx_tim.o(.text)
    TIM_OC4PreloadConfig                     0x08004ca1   Thumb Code    28  stm32f4xx_tim.o(.text)
    TIM_OC1FastConfig                        0x08004cbd   Thumb Code    20  stm32f4xx_tim.o(.text)
    TIM_OC2FastConfig                        0x08004cd1   Thumb Code    28  stm32f4xx_tim.o(.text)
    TIM_OC3FastConfig                        0x08004ced   Thumb Code    20  stm32f4xx_tim.o(.text)
    TIM_OC4FastConfig                        0x08004d01   Thumb Code    28  stm32f4xx_tim.o(.text)
    TIM_ClearOC1Ref                          0x08004d1d   Thumb Code    20  stm32f4xx_tim.o(.text)
    TIM_ClearOC2Ref                          0x08004d31   Thumb Code    26  stm32f4xx_tim.o(.text)
    TIM_ClearOC3Ref                          0x08004d4b   Thumb Code    20  stm32f4xx_tim.o(.text)
    TIM_ClearOC4Ref                          0x08004d5f   Thumb Code    26  stm32f4xx_tim.o(.text)
    TIM_OC1PolarityConfig                    0x08004d79   Thumb Code    20  stm32f4xx_tim.o(.text)
    TIM_OC1NPolarityConfig                   0x08004d8d   Thumb Code    20  stm32f4xx_tim.o(.text)
    TIM_OC2PolarityConfig                    0x08004da1   Thumb Code    28  stm32f4xx_tim.o(.text)
    TIM_OC2NPolarityConfig                   0x08004dbd   Thumb Code    28  stm32f4xx_tim.o(.text)
    TIM_OC3PolarityConfig                    0x08004dd9   Thumb Code    28  stm32f4xx_tim.o(.text)
    TIM_OC3NPolarityConfig                   0x08004df5   Thumb Code    28  stm32f4xx_tim.o(.text)
    TIM_OC4PolarityConfig                    0x08004e11   Thumb Code    28  stm32f4xx_tim.o(.text)
    TIM_CCxCmd                               0x08004e2d   Thumb Code    34  stm32f4xx_tim.o(.text)
    TIM_CCxNCmd                              0x08004e4f   Thumb Code    34  stm32f4xx_tim.o(.text)
    TIM_SetIC4Prescaler                      0x08004e71   Thumb Code    26  stm32f4xx_tim.o(.text)
    TIM_SetIC3Prescaler                      0x08004edf   Thumb Code    18  stm32f4xx_tim.o(.text)
    TIM_SetIC2Prescaler                      0x08004f45   Thumb Code    26  stm32f4xx_tim.o(.text)
    TIM_SetIC1Prescaler                      0x08004fb3   Thumb Code    18  stm32f4xx_tim.o(.text)
    TIM_ICInit                               0x08005003   Thumb Code   110  stm32f4xx_tim.o(.text)
    TIM_ICStructInit                         0x08005071   Thumb Code    18  stm32f4xx_tim.o(.text)
    TIM_PWMIConfig                           0x08005083   Thumb Code   124  stm32f4xx_tim.o(.text)
    TIM_GetCapture1                          0x080050ff   Thumb Code     6  stm32f4xx_tim.o(.text)
    TIM_GetCapture2                          0x08005105   Thumb Code     6  stm32f4xx_tim.o(.text)
    TIM_GetCapture3                          0x0800510b   Thumb Code     6  stm32f4xx_tim.o(.text)
    TIM_GetCapture4                          0x08005111   Thumb Code     6  stm32f4xx_tim.o(.text)
    TIM_BDTRConfig                           0x08005117   Thumb Code    30  stm32f4xx_tim.o(.text)
    TIM_BDTRStructInit                       0x08005135   Thumb Code    18  stm32f4xx_tim.o(.text)
    TIM_CtrlPWMOutputs                       0x08005147   Thumb Code    22  stm32f4xx_tim.o(.text)
    TIM_SelectCOM                            0x0800515d   Thumb Code    24  stm32f4xx_tim.o(.text)
    TIM_CCPreloadControl                     0x08005175   Thumb Code    24  stm32f4xx_tim.o(.text)
    TIM_ITConfig                             0x0800518d   Thumb Code    24  stm32f4xx_tim.o(.text)
    TIM_GenerateEvent                        0x080051a5   Thumb Code     4  stm32f4xx_tim.o(.text)
    TIM_GetFlagStatus                        0x080051a9   Thumb Code    18  stm32f4xx_tim.o(.text)
    TIM_ClearFlag                            0x080051bb   Thumb Code     8  stm32f4xx_tim.o(.text)
    TIM_GetITStatus                          0x080051c3   Thumb Code    34  stm32f4xx_tim.o(.text)
    TIM_ClearITPendingBit                    0x080051e5   Thumb Code     8  stm32f4xx_tim.o(.text)
    TIM_DMAConfig                            0x080051ed   Thumb Code     8  stm32f4xx_tim.o(.text)
    TIM_DMACmd                               0x080051f5   Thumb Code    24  stm32f4xx_tim.o(.text)
    TIM_SelectCCDMA                          0x0800520d   Thumb Code    24  stm32f4xx_tim.o(.text)
    TIM_InternalClockConfig                  0x08005225   Thumb Code    12  stm32f4xx_tim.o(.text)
    TIM_SelectInputTrigger                   0x08005231   Thumb Code    20  stm32f4xx_tim.o(.text)
    TIM_ITRxExternalClockConfig              0x08005245   Thumb Code    24  stm32f4xx_tim.o(.text)
    TIM_TIxExternalClockConfig               0x0800525d   Thumb Code    62  stm32f4xx_tim.o(.text)
    TIM_ETRConfig                            0x0800529b   Thumb Code    30  stm32f4xx_tim.o(.text)
    TIM_ETRClockMode1Config                  0x080052b9   Thumb Code    56  stm32f4xx_tim.o(.text)
    TIM_ETRClockMode2Config                  0x080052f1   Thumb Code    32  stm32f4xx_tim.o(.text)
    TIM_SelectOutputTrigger                  0x08005311   Thumb Code    18  stm32f4xx_tim.o(.text)
    TIM_SelectSlaveMode                      0x08005323   Thumb Code    18  stm32f4xx_tim.o(.text)
    TIM_SelectMasterSlaveMode                0x08005335   Thumb Code    18  stm32f4xx_tim.o(.text)
    TIM_EncoderInterfaceConfig               0x08005347   Thumb Code    72  stm32f4xx_tim.o(.text)
    TIM_SelectHallSensor                     0x0800538f   Thumb Code    24  stm32f4xx_tim.o(.text)
    TIM_RemapConfig                          0x080053a7   Thumb Code     4  stm32f4xx_tim.o(.text)
    Reset_Handler                            0x080053ad   Thumb Code     8  startup_stm32f407xx.o(.text)
    NMI_Handler                              0x080053b5   Thumb Code     2  startup_stm32f407xx.o(.text)
    HardFault_Handler                        0x080053b7   Thumb Code     2  startup_stm32f407xx.o(.text)
    MemManage_Handler                        0x080053b9   Thumb Code     2  startup_stm32f407xx.o(.text)
    BusFault_Handler                         0x080053bb   Thumb Code     2  startup_stm32f407xx.o(.text)
    UsageFault_Handler                       0x080053bd   Thumb Code     2  startup_stm32f407xx.o(.text)
    DebugMon_Handler                         0x080053c1   Thumb Code     2  startup_stm32f407xx.o(.text)
    ADC_IRQHandler                           0x080053c7   Thumb Code     0  startup_stm32f407xx.o(.text)
    CAN1_RX0_IRQHandler                      0x080053c7   Thumb Code     0  startup_stm32f407xx.o(.text)
    CAN1_RX1_IRQHandler                      0x080053c7   Thumb Code     0  startup_stm32f407xx.o(.text)
    CAN1_SCE_IRQHandler                      0x080053c7   Thumb Code     0  startup_stm32f407xx.o(.text)
    CAN1_TX_IRQHandler                       0x080053c7   Thumb Code     0  startup_stm32f407xx.o(.text)
    CAN2_RX0_IRQHandler                      0x080053c7   Thumb Code     0  startup_stm32f407xx.o(.text)
    CAN2_RX1_IRQHandler                      0x080053c7   Thumb Code     0  startup_stm32f407xx.o(.text)
    CAN2_SCE_IRQHandler                      0x080053c7   Thumb Code     0  startup_stm32f407xx.o(.text)
    CAN2_TX_IRQHandler                       0x080053c7   Thumb Code     0  startup_stm32f407xx.o(.text)
    DCMI_IRQHandler                          0x080053c7   Thumb Code     0  startup_stm32f407xx.o(.text)
    DMA1_Stream0_IRQHandler                  0x080053c7   Thumb Code     0  startup_stm32f407xx.o(.text)
    DMA1_Stream1_IRQHandler                  0x080053c7   Thumb Code     0  startup_stm32f407xx.o(.text)
    DMA1_Stream2_IRQHandler                  0x080053c7   Thumb Code     0  startup_stm32f407xx.o(.text)
    DMA1_Stream3_IRQHandler                  0x080053c7   Thumb Code     0  startup_stm32f407xx.o(.text)
    DMA1_Stream4_IRQHandler                  0x080053c7   Thumb Code     0  startup_stm32f407xx.o(.text)
    DMA1_Stream5_IRQHandler                  0x080053c7   Thumb Code     0  startup_stm32f407xx.o(.text)
    DMA1_Stream6_IRQHandler                  0x080053c7   Thumb Code     0  startup_stm32f407xx.o(.text)
    DMA1_Stream7_IRQHandler                  0x080053c7   Thumb Code     0  startup_stm32f407xx.o(.text)
    DMA2_Stream0_IRQHandler                  0x080053c7   Thumb Code     0  startup_stm32f407xx.o(.text)
    DMA2_Stream1_IRQHandler                  0x080053c7   Thumb Code     0  startup_stm32f407xx.o(.text)
    DMA2_Stream2_IRQHandler                  0x080053c7   Thumb Code     0  startup_stm32f407xx.o(.text)
    DMA2_Stream3_IRQHandler                  0x080053c7   Thumb Code     0  startup_stm32f407xx.o(.text)
    DMA2_Stream4_IRQHandler                  0x080053c7   Thumb Code     0  startup_stm32f407xx.o(.text)
    DMA2_Stream5_IRQHandler                  0x080053c7   Thumb Code     0  startup_stm32f407xx.o(.text)
    DMA2_Stream6_IRQHandler                  0x080053c7   Thumb Code     0  startup_stm32f407xx.o(.text)
    DMA2_Stream7_IRQHandler                  0x080053c7   Thumb Code     0  startup_stm32f407xx.o(.text)
    ETH_IRQHandler                           0x080053c7   Thumb Code     0  startup_stm32f407xx.o(.text)
    ETH_WKUP_IRQHandler                      0x080053c7   Thumb Code     0  startup_stm32f407xx.o(.text)
    EXTI0_IRQHandler                         0x080053c7   Thumb Code     0  startup_stm32f407xx.o(.text)
    EXTI15_10_IRQHandler                     0x080053c7   Thumb Code     0  startup_stm32f407xx.o(.text)
    EXTI1_IRQHandler                         0x080053c7   Thumb Code     0  startup_stm32f407xx.o(.text)
    EXTI2_IRQHandler                         0x080053c7   Thumb Code     0  startup_stm32f407xx.o(.text)
    EXTI3_IRQHandler                         0x080053c7   Thumb Code     0  startup_stm32f407xx.o(.text)
    EXTI4_IRQHandler                         0x080053c7   Thumb Code     0  startup_stm32f407xx.o(.text)
    EXTI9_5_IRQHandler                       0x080053c7   Thumb Code     0  startup_stm32f407xx.o(.text)
    FLASH_IRQHandler                         0x080053c7   Thumb Code     0  startup_stm32f407xx.o(.text)
    FMC_IRQHandler                           0x080053c7   Thumb Code     0  startup_stm32f407xx.o(.text)
    FPU_IRQHandler                           0x080053c7   Thumb Code     0  startup_stm32f407xx.o(.text)
    HASH_RNG_IRQHandler                      0x080053c7   Thumb Code     0  startup_stm32f407xx.o(.text)
    I2C1_ER_IRQHandler                       0x080053c7   Thumb Code     0  startup_stm32f407xx.o(.text)
    I2C1_EV_IRQHandler                       0x080053c7   Thumb Code     0  startup_stm32f407xx.o(.text)
    I2C2_ER_IRQHandler                       0x080053c7   Thumb Code     0  startup_stm32f407xx.o(.text)
    I2C2_EV_IRQHandler                       0x080053c7   Thumb Code     0  startup_stm32f407xx.o(.text)
    I2C3_ER_IRQHandler                       0x080053c7   Thumb Code     0  startup_stm32f407xx.o(.text)
    I2C3_EV_IRQHandler                       0x080053c7   Thumb Code     0  startup_stm32f407xx.o(.text)
    OTG_FS_IRQHandler                        0x080053c7   Thumb Code     0  startup_stm32f407xx.o(.text)
    OTG_FS_WKUP_IRQHandler                   0x080053c7   Thumb Code     0  startup_stm32f407xx.o(.text)
    OTG_HS_EP1_IN_IRQHandler                 0x080053c7   Thumb Code     0  startup_stm32f407xx.o(.text)
    OTG_HS_EP1_OUT_IRQHandler                0x080053c7   Thumb Code     0  startup_stm32f407xx.o(.text)
    OTG_HS_IRQHandler                        0x080053c7   Thumb Code     0  startup_stm32f407xx.o(.text)
    OTG_HS_WKUP_IRQHandler                   0x080053c7   Thumb Code     0  startup_stm32f407xx.o(.text)
    PVD_IRQHandler                           0x080053c7   Thumb Code     0  startup_stm32f407xx.o(.text)
    RCC_IRQHandler                           0x080053c7   Thumb Code     0  startup_stm32f407xx.o(.text)
    RTC_Alarm_IRQHandler                     0x080053c7   Thumb Code     0  startup_stm32f407xx.o(.text)
    RTC_WKUP_IRQHandler                      0x080053c7   Thumb Code     0  startup_stm32f407xx.o(.text)
    SDIO_IRQHandler                          0x080053c7   Thumb Code     0  startup_stm32f407xx.o(.text)
    SPI1_IRQHandler                          0x080053c7   Thumb Code     0  startup_stm32f407xx.o(.text)
    SPI2_IRQHandler                          0x080053c7   Thumb Code     0  startup_stm32f407xx.o(.text)
    SPI3_IRQHandler                          0x080053c7   Thumb Code     0  startup_stm32f407xx.o(.text)
    TAMP_STAMP_IRQHandler                    0x080053c7   Thumb Code     0  startup_stm32f407xx.o(.text)
    TIM1_BRK_TIM9_IRQHandler                 0x080053c7   Thumb Code     0  startup_stm32f407xx.o(.text)
    TIM1_CC_IRQHandler                       0x080053c7   Thumb Code     0  startup_stm32f407xx.o(.text)
    TIM1_TRG_COM_TIM11_IRQHandler            0x080053c7   Thumb Code     0  startup_stm32f407xx.o(.text)
    TIM1_UP_TIM10_IRQHandler                 0x080053c7   Thumb Code     0  startup_stm32f407xx.o(.text)
    TIM2_IRQHandler                          0x080053c7   Thumb Code     0  startup_stm32f407xx.o(.text)
    TIM6_DAC_IRQHandler                      0x080053c7   Thumb Code     0  startup_stm32f407xx.o(.text)
    TIM7_IRQHandler                          0x080053c7   Thumb Code     0  startup_stm32f407xx.o(.text)
    TIM8_BRK_TIM12_IRQHandler                0x080053c7   Thumb Code     0  startup_stm32f407xx.o(.text)
    TIM8_CC_IRQHandler                       0x080053c7   Thumb Code     0  startup_stm32f407xx.o(.text)
    TIM8_TRG_COM_TIM14_IRQHandler            0x080053c7   Thumb Code     0  startup_stm32f407xx.o(.text)
    TIM8_UP_TIM13_IRQHandler                 0x080053c7   Thumb Code     0  startup_stm32f407xx.o(.text)
    UART4_IRQHandler                         0x080053c7   Thumb Code     0  startup_stm32f407xx.o(.text)
    UART5_IRQHandler                         0x080053c7   Thumb Code     0  startup_stm32f407xx.o(.text)
    USART1_IRQHandler                        0x080053c7   Thumb Code     0  startup_stm32f407xx.o(.text)
    USART2_IRQHandler                        0x080053c7   Thumb Code     0  startup_stm32f407xx.o(.text)
    USART3_IRQHandler                        0x080053c7   Thumb Code     0  startup_stm32f407xx.o(.text)
    USART6_IRQHandler                        0x080053c7   Thumb Code     0  startup_stm32f407xx.o(.text)
    WWDG_IRQHandler                          0x080053c7   Thumb Code     0  startup_stm32f407xx.o(.text)
    SystemCoreClockUpdate                    0x080053d1   Thumb Code   170  system_stm32f4xx.o(.text)
    SystemInit                               0x0800555b   Thumb Code    94  system_stm32f4xx.o(.text)
    __aeabi_memcpy                           0x080055e5   Thumb Code    36  memcpya.o(.text)
    __aeabi_memcpy4                          0x080055e5   Thumb Code     0  memcpya.o(.text)
    __aeabi_memcpy8                          0x080055e5   Thumb Code     0  memcpya.o(.text)
    __aeabi_memset                           0x08005609   Thumb Code    14  memseta.o(.text)
    __aeabi_memset4                          0x08005609   Thumb Code     0  memseta.o(.text)
    __aeabi_memset8                          0x08005609   Thumb Code     0  memseta.o(.text)
    __aeabi_memclr                           0x08005617   Thumb Code     4  memseta.o(.text)
    __aeabi_memclr4                          0x08005617   Thumb Code     0  memseta.o(.text)
    __aeabi_memclr8                          0x08005617   Thumb Code     0  memseta.o(.text)
    _memset$wrapper                          0x0800561b   Thumb Code    18  memseta.o(.text)
    __aeabi_uidiv                            0x0800562d   Thumb Code     0  uidiv.o(.text)
    __aeabi_uidivmod                         0x0800562d   Thumb Code    44  uidiv.o(.text)
    __scatterload                            0x08005659   Thumb Code    28  init.o(.text)
    __scatterload_rt2                        0x08005659   Thumb Code     0  init.o(.text)
    __0snprintf$1                            0x0800567d   Thumb Code    48  printf1.o(i.__0snprintf$1)
    __1snprintf$1                            0x0800567d   Thumb Code     0  printf1.o(i.__0snprintf$1)
    __2snprintf                              0x0800567d   Thumb Code     0  printf1.o(i.__0snprintf$1)
    __scatterload_copy                       0x080056b1   Thumb Code    14  handlers.o(i.__scatterload_copy)
    __scatterload_null                       0x080056bf   Thumb Code     2  handlers.o(i.__scatterload_null)
    __scatterload_zeroinit                   0x080056c1   Thumb Code    14  handlers.o(i.__scatterload_zeroinit)
    AHBPrescTable                            0x0800583a   Data          16  system_stm32f4xx.o(.constdata)
    Region$$Table$$Base                      0x0800584c   Number         0  anon$$obj.o(Region$$Table)
    Region$$Table$$Limit                     0x0800586c   Number         0  anon$$obj.o(Region$$Table)
    timeQueue                                0x20000004   Data           4  intercom.o(.data)
    GUIQueue                                 0x20000008   Data           4  intercom.o(.data)
    xSemaphoreReadButton                     0x2000000c   Data           4  intercom.o(.data)
    xHigherPriorityTaskWoken                 0x20000010   Data           4  intercom.o(.data)
    hUpdateTime                              0x20000014   Data           4  main.o(.data)
    hUpdateGUI                               0x20000018   Data           4  main.o(.data)
    hReadButtons                             0x2000001c   Data           4  main.o(.data)
    pxCurrentTCB                             0x20000024   Data           4  tasks.o(.data)
    SystemCoreClock                          0x200000a8   Data           4  system_stm32f4xx.o(.data)
    xQueueRegistry                           0x200000ac   Data          64  queue.o(.bss)
    __initial_sp                             0x200131e0   Data           0  startup_stm32f407xx.o(STACK)



==============================================================================

Memory Map of the image

  Image Entry point : 0x080053ad

  Load Region LR_1 (Base: 0x08000000, Size: 0x00005918, Max: 0xffffffff, ABSOLUTE)

    Execution Region ER_RO (Exec base: 0x08000000, Load base: 0x08000000, Size: 0x0000586c, Max: 0xffffffff, ABSOLUTE)

    Exec Addr    Load Addr    Size         Type   Attr      Idx    E Section Name        Object

    0x08000000   0x08000000   0x00000188   Data   RO          845    RESET               startup_stm32f407xx.o
    0x08000188   0x08000188   0x00000000   Code   RO          873  * .ARM.Collect$$$$00000000  mc_w.l(entry.o)
    0x08000188   0x08000188   0x00000004   Code   RO         1143    .ARM.Collect$$$$00000001  mc_w.l(entry2.o)
    0x0800018c   0x0800018c   0x00000004   Code   RO         1146    .ARM.Collect$$$$00000004  mc_w.l(entry5.o)
    0x08000190   0x08000190   0x00000000   Code   RO         1148    .ARM.Collect$$$$00000008  mc_w.l(entry7b.o)
    0x08000190   0x08000190   0x00000000   Code   RO         1150    .ARM.Collect$$$$0000000A  mc_w.l(entry8b.o)
    0x08000190   0x08000190   0x00000008   Code   RO         1151    .ARM.Collect$$$$0000000B  mc_w.l(entry9a.o)
    0x08000198   0x08000198   0x00000004   Code   RO         1158    .ARM.Collect$$$$0000000E  mc_w.l(entry12b.o)
    0x0800019c   0x0800019c   0x00000000   Code   RO         1153    .ARM.Collect$$$$0000000F  mc_w.l(entry10a.o)
    0x0800019c   0x0800019c   0x00000000   Code   RO         1155    .ARM.Collect$$$$00000011  mc_w.l(entry11a.o)
    0x0800019c   0x0800019c   0x00000004   Code   RO         1144    .ARM.Collect$$$$00002712  mc_w.l(entry2.o)
    0x080001a0   0x080001a0   0x000000be   Code   RO          451    .emb_text           port.o
    0x0800025e   0x0800025e   0x00000002   PAD
    0x08000260   0x08000260   0x0000006c   Code   RO            2    .text               delay.o
    0x080002cc   0x080002cc   0x00000220   Code   RO          132    .text               lcd.o
    0x080004ec   0x080004ec   0x00000454   Code   RO          148    .text               bsp.o
    0x08000940   0x08000940   0x0000012e   Code   RO          220    .text               functions.o
    0x08000a6e   0x08000a6e   0x00000002   PAD
    0x08000a70   0x08000a70   0x00000050   Code   RO          236    .text               intercom.o
    0x08000ac0   0x08000ac0   0x00000474   Code   RO          288    .text               main.o
    0x08000f34   0x08000f34   0x00000094   Code   RO          336    .text               list.o
    0x08000fc8   0x08000fc8   0x00000c30   Code   RO          361    .text               queue.o
    0x08001bf8   0x08001bf8   0x000017c4   Code   RO          395    .text               tasks.o
    0x080033bc   0x080033bc   0x000005e0   Code   RO          421    .text               timers.o
    0x0800399c   0x0800399c   0x0000030c   Code   RO          452    .text               port.o
    0x08003ca8   0x08003ca8   0x00000124   Code   RO          482    .text               heap_2.o
    0x08003dcc   0x08003dcc   0x000000e0   Code   RO          501    .text               misc.o
    0x08003eac   0x08003eac   0x00000260   Code   RO          565    .text               stm32f4xx_gpio.o
    0x0800410c   0x0800410c   0x00000588   Code   RO          613    .text               stm32f4xx_rcc.o
    0x08004694   0x08004694   0x00000d16   Code   RO          679    .text               stm32f4xx_tim.o
    0x080053aa   0x080053aa   0x00000002   PAD
    0x080053ac   0x080053ac   0x00000024   Code   RO          846  * .text               startup_stm32f407xx.o
    0x080053d0   0x080053d0   0x00000214   Code   RO          851    .text               system_stm32f4xx.o
    0x080055e4   0x080055e4   0x00000024   Code   RO          876    .text               mc_w.l(memcpya.o)
    0x08005608   0x08005608   0x00000024   Code   RO          878    .text               mc_w.l(memseta.o)
    0x0800562c   0x0800562c   0x0000002c   Code   RO         1159    .text               mc_w.l(uidiv.o)
    0x08005658   0x08005658   0x00000024   Code   RO         1174    .text               mc_w.l(init.o)
    0x0800567c   0x0800567c   0x00000034   Code   RO          928    i.__0snprintf$1     mc_w.l(printf1.o)
    0x080056b0   0x080056b0   0x0000000e   Code   RO         1186    i.__scatterload_copy  mc_w.l(handlers.o)
    0x080056be   0x080056be   0x00000002   Code   RO         1187    i.__scatterload_null  mc_w.l(handlers.o)
    0x080056c0   0x080056c0   0x0000000e   Code   RO         1188    i.__scatterload_zeroinit  mc_w.l(handlers.o)
    0x080056ce   0x080056ce   0x00000002   PAD
    0x080056d0   0x080056d0   0x00000154   Code   RO          934    i._printf_core      mc_w.l(printf1.o)
    0x08005824   0x08005824   0x00000016   Code   RO          935    i._snputc           mc_w.l(printf1.o)
    0x0800583a   0x0800583a   0x00000010   Data   RO          852    .constdata          system_stm32f4xx.o
    0x0800584a   0x0800584a   0x00000002   PAD
    0x0800584c   0x0800584c   0x00000020   Data   RO         1184    Region$$Table       anon$$obj.o


    Execution Region ER_RW (Exec base: 0x20000000, Load base: 0x0800586c, Size: 0x000000ac, Max: 0xffffffff, ABSOLUTE)

    Exec Addr    Load Addr    Size         Type   Attr      Idx    E Section Name        Object

    0x20000000   0x0800586c   0x00000004   Data   RW            3    .data               delay.o
    0x20000004   0x08005870   0x00000010   Data   RW          237    .data               intercom.o
    0x20000014   0x08005880   0x00000010   Data   RW          289    .data               main.o
    0x20000024   0x08005890   0x0000003c   Data   RW          397    .data               tasks.o
    0x20000060   0x080058cc   0x00000014   Data   RW          423    .data               timers.o
    0x20000074   0x080058e0   0x0000000c   Data   RW          453    .data               port.o
    0x20000080   0x080058ec   0x00000018   Data   RW          484    .data               heap_2.o
    0x20000098   0x08005904   0x00000010   Data   RW          614    .data               stm32f4xx_rcc.o
    0x200000a8   0x08005914   0x00000004   Data   RW          853    .data               system_stm32f4xx.o


    Execution Region ER_ZI (Exec base: 0x200000ac, Load base: 0x08005918, Size: 0x00013134, Max: 0xffffffff, ABSOLUTE)

    Exec Addr    Load Addr    Size         Type   Attr      Idx    E Section Name        Object

    0x200000ac        -       0x00000040   Zero   RW          362    .bss                queue.o
    0x200000ec        -       0x000000c8   Zero   RW          396    .bss                tasks.o
    0x200001b4        -       0x00000028   Zero   RW          422    .bss                timers.o
    0x200001dc        -       0x00012c00   Zero   RW          483    .bss                heap_2.o
    0x20012ddc   0x08005918   0x00000004   PAD
    0x20012de0        -       0x00000400   Zero   RW          843    STACK               startup_stm32f407xx.o


==============================================================================

Image component sizes


      Code (inc. data)   RO Data    RW Data    ZI Data      Debug   Object Name

      1108         98          0          0          0      17775   bsp.o
       108         12          0          4          0     237744   delay.o
       302          0          0          0          0       2275   functions.o
       292         26          0         24      76800       3292   heap_2.o
        80         14          0         16          0      13483   intercom.o
       544         20          0          0          0       1110   lcd.o
       148          0          0          0          0       3442   list.o
      1140         98          0         16          0       3299   main.o
       224         20          0          0          0       1977   misc.o
       970         52          0         12          0       9067   port.o
      3120         14          0          0         64      24364   queue.o
        36          8        392          0       1024        860   startup_stm32f407xx.o
       608         36          0          0          0       4293   stm32f4xx_gpio.o
      1416         48          0         16          0      11311   stm32f4xx_rcc.o
      3350         60          0          0          0      23376   stm32f4xx_tim.o
       532         44         16          4          0       1955   system_stm32f4xx.o
      6084        338          0         60        200      28342   tasks.o
      1504         68          0         20         40      16871   timers.o

    ----------------------------------------------------------------------
     21572        956        442        172      78132     404836   Object Totals
         0          0         32          0          0          0   (incl. Generated)
         6          0          2          0          4          0   (incl. Padding)

    ----------------------------------------------------------------------

      Code (inc. data)   RO Data    RW Data    ZI Data      Debug   Library Member Name

         0          0          0          0          0          0   entry.o
         0          0          0          0          0          0   entry10a.o
         0          0          0          0          0          0   entry11a.o
         4          0          0          0          0          0   entry12b.o
         8          4          0          0          0          0   entry2.o
         4          0          0          0          0          0   entry5.o
         0          0          0          0          0          0   entry7b.o
         0          0          0          0          0          0   entry8b.o
         8          4          0          0          0          0   entry9a.o
        30          0          0          0          0          0   handlers.o
        36          8          0          0          0         68   init.o
        36          0          0          0          0         68   memcpya.o
        36          0          0          0          0        108   memseta.o
       414          8          0          0          0        256   printf1.o
        44          0          0          0          0         80   uidiv.o

    ----------------------------------------------------------------------
       622         24          0          0          0        580   Library Totals
         2          0          0          0          0          0   (incl. Padding)

    ----------------------------------------------------------------------

      Code (inc. data)   RO Data    RW Data    ZI Data      Debug   Library Name

       620         24          0          0          0        580   mc_w.l

    ----------------------------------------------------------------------
       622         24          0          0          0        580   Library Totals

    ----------------------------------------------------------------------

==============================================================================


      Code (inc. data)   RO Data    RW Data    ZI Data      Debug   

     22194        980        442        172      78132     401512   Grand Totals
     22194        980        442        172      78132     401512   ELF Image Totals
     22194        980        442        172          0          0   ROM Totals

==============================================================================

    Total RO  Size (Code + RO Data)                22636 (  22.11kB)
    Total RW  Size (RW Data + ZI Data)             78304 (  76.47kB)
    Total ROM Size (Code + RO Data + RW Data)      22808 (  22.27kB)

==============================================================================

